Component: ARM Compiler 5.06 update 6 (build 750) Tool: armlink [4d35ed]

==============================================================================

Section Cross References

    main.o(i.main) refers to delay.o(i.delay_init) for delay_init
    main.o(i.main) refers to misc.o(i.NVIC_PriorityGroupConfig) for NVIC_PriorityGroupConfig
    main.o(i.main) refers to usart.o(i.uart_init) for uart_init
    main.o(i.main) refers to usart3.o(i.USART3_Init) for USART3_Init
    main.o(i.main) refers to led.o(i.LED_Init) for LED_Init
    main.o(i.main) refers to led.o(i.LED_ALL_ON) for LED_ALL_ON
    main.o(i.main) refers to exti.o(i.KEY_Init) for KEY_Init
    main.o(i.main) refers to exti.o(i.EXTIX_Init) for EXTIX_Init
    main.o(i.main) refers to motor.o(i.MOTOR_GPIO_Init) for MOTOR_GPIO_Init
    main.o(i.main) refers to sensor.o(i.Sensors_GPIO_Init) for Sensors_GPIO_Init
    main.o(i.main) refers to motor.o(i.TIM3_PWM_Init) for TIM3_PWM_Init
    main.o(i.main) refers to mpu6050.o(i.MPU_Init) for MPU_Init
    main.o(i.main) refers to inv_mpu.o(i.mpu_dmp_init) for mpu_dmp_init
    main.o(i.main) refers to led.o(i.LED_ALL_OFF) for LED_ALL_OFF
    main.o(i.main) refers to tim.o(i.TIM1_Init) for TIM1_Init
    main.o(i.main) refers to tim.o(i.TIM8_Init) for TIM8_Init
    main.o(i.main) refers to task.o(i.jingdian1_2) for jingdian1_2
    main.o(i.main) refers to task.o(i.jingdian2_4) for jingdian2_4
    main.o(i.main) refers to task.o(i.jingdian4_3) for jingdian4_3
    main.o(i.main) refers to task.o(i.jingdian3_7) for jingdian3_7
    main.o(i.main) refers to task.o(i.jingdian7_8) for jingdian7_8
    main.o(i.main) refers to task.o(i.return1_D1) for return1_D1
    main.o(i.main) refers to task.o(i.jingdian4_7_D3) for jingdian4_7_D3
    main.o(i.main) refers to task.o(i.return1_D3) for return1_D3
    main.o(i.main) refers to task.o(i.jingdian4_7) for jingdian4_7
    main.o(i.main) refers to task.o(i.return2_D4) for return2_D4
    main.o(i.main) refers to main.o(.data) for Door
    system_stm32f10x.o(i.SetSysClock) refers to system_stm32f10x.o(i.SetSysClockTo72) for SetSysClockTo72
    system_stm32f10x.o(i.SystemCoreClockUpdate) refers to system_stm32f10x.o(.data) for SystemCoreClock
    system_stm32f10x.o(i.SystemInit) refers to system_stm32f10x.o(i.SetSysClock) for SetSysClock
    delay.o(i.delay_init) refers to misc.o(i.SysTick_CLKSourceConfig) for SysTick_CLKSourceConfig
    delay.o(i.delay_init) refers to system_stm32f10x.o(.data) for SystemCoreClock
    delay.o(i.delay_init) refers to delay.o(.data) for fac_us
    delay.o(i.delay_ms) refers to delay.o(.data) for fac_ms
    delay.o(i.delay_us) refers to delay.o(.data) for fac_us
    usart.o(i.USART1_IRQHandler) refers to stm32f10x_usart.o(i.USART_GetITStatus) for USART_GetITStatus
    usart.o(i.USART1_IRQHandler) refers to stm32f10x_usart.o(i.USART_ReceiveData) for USART_ReceiveData
    usart.o(i.USART1_IRQHandler) refers to usart.o(.data) for USART_RX_STA
    usart.o(i.USART1_IRQHandler) refers to usart.o(.bss) for USART_RX_BUF
    usart.o(i.uart_init) refers to stm32f10x_rcc.o(i.RCC_APB2PeriphClockCmd) for RCC_APB2PeriphClockCmd
    usart.o(i.uart_init) refers to stm32f10x_gpio.o(i.GPIO_Init) for GPIO_Init
    usart.o(i.uart_init) refers to misc.o(i.NVIC_Init) for NVIC_Init
    usart.o(i.uart_init) refers to stm32f10x_usart.o(i.USART_Init) for USART_Init
    usart.o(i.uart_init) refers to stm32f10x_usart.o(i.USART_ITConfig) for USART_ITConfig
    usart.o(i.uart_init) refers to stm32f10x_usart.o(i.USART_Cmd) for USART_Cmd
    startup_stm32f10x_hd.o(RESET) refers to startup_stm32f10x_hd.o(STACK) for __initial_sp
    startup_stm32f10x_hd.o(RESET) refers to startup_stm32f10x_hd.o(.text) for Reset_Handler
    startup_stm32f10x_hd.o(RESET) refers to stm32f10x_it.o(i.NMI_Handler) for NMI_Handler
    startup_stm32f10x_hd.o(RESET) refers to stm32f10x_it.o(i.HardFault_Handler) for HardFault_Handler
    startup_stm32f10x_hd.o(RESET) refers to stm32f10x_it.o(i.MemManage_Handler) for MemManage_Handler
    startup_stm32f10x_hd.o(RESET) refers to stm32f10x_it.o(i.BusFault_Handler) for BusFault_Handler
    startup_stm32f10x_hd.o(RESET) refers to stm32f10x_it.o(i.UsageFault_Handler) for UsageFault_Handler
    startup_stm32f10x_hd.o(RESET) refers to stm32f10x_it.o(i.SVC_Handler) for SVC_Handler
    startup_stm32f10x_hd.o(RESET) refers to stm32f10x_it.o(i.DebugMon_Handler) for DebugMon_Handler
    startup_stm32f10x_hd.o(RESET) refers to stm32f10x_it.o(i.PendSV_Handler) for PendSV_Handler
    startup_stm32f10x_hd.o(RESET) refers to stm32f10x_it.o(i.SysTick_Handler) for SysTick_Handler
    startup_stm32f10x_hd.o(RESET) refers to exti.o(i.EXTI9_5_IRQHandler) for EXTI9_5_IRQHandler
    startup_stm32f10x_hd.o(RESET) refers to tim.o(i.TIM1_UP_IRQHandler) for TIM1_UP_IRQHandler
    startup_stm32f10x_hd.o(RESET) refers to usart.o(i.USART1_IRQHandler) for USART1_IRQHandler
    startup_stm32f10x_hd.o(RESET) refers to usart3.o(i.USART3_IRQHandler) for USART3_IRQHandler
[...]
    i.go_bridge_new                          0x08005160   Section        0  planc.o(i.go_bridge_new)
    i.go_closed                              0x08005208   Section        0  pid.o(i.go_closed)
    i.go_door                                0x08005234   Section        0  pid.o(i.go_door)
    i.go_forward                             0x08005264   Section        0  pid.o(i.go_forward)
    i.go_open                                0x080053ec   Section        0  pid.o(i.go_open)
    i.gyro_self_test                         0x08005418   Section        0  inv_mpu.o(i.gyro_self_test)
    gyro_self_test                           0x08005419   Thumb Code   256  inv_mpu.o(i.gyro_self_test)
    i.inv_orientation_matrix_to_scalar       0x08005528   Section        0  inv_mpu.o(i.inv_orientation_matrix_to_scalar)
    i.inv_row_2_scale                        0x08005550   Section        0  inv_mpu.o(i.inv_row_2_scale)
    i.jingdian1_2                            0x0800559e   Section        0  task.o(i.jingdian1_2)
    i.jingdian2_4                            0x080055b0   Section        0  task.o(i.jingdian2_4)
    i.jingdian3_7                            0x080055d0   Section        0  task.o(i.jingdian3_7)
    i.jingdian4_3                            0x08005670   Section        0  task.o(i.jingdian4_3)
    i.jingdian4_7                            0x08005690   Section        0  task.o(i.jingdian4_7)
    i.jingdian4_7_D3                         0x080056c0   Section        0  task.o(i.jingdian4_7_D3)
    i.jingdian7_8                            0x08005738   Section        0  task.o(i.jingdian7_8)
    i.left2line                              0x08005744   Section        0  pid.o(i.left2line)
    i.main                                   0x08005758   Section        0  main.o(i.main)
    i.mget_ms                                0x0800584c   Section        0  inv_mpu.o(i.mget_ms)
    i.motor                                  0x08005850   Section        0  motor.o(i.motor)
    i.mountains1                             0x080058b8   Section        0  planc.o(i.mountains1)
    i.mountains_new                          0x080059c0   Section        0  planc.o(i.mountains_new)
    i.mpu_configure_fifo                     0x08005ae8   Section        0  inv_mpu.o(i.mpu_configure_fifo)
    i.mpu_dmp_get_data                       0x08005b58   Section        0  inv_mpu.o(i.mpu_dmp_get_data)
    i.mpu_dmp_init                           0x08005d7c   Section        0  inv_mpu.o(i.mpu_dmp_init)
    i.mpu_get_accel_fsr                      0x08005e1c   Section        0  inv_mpu.o(i.mpu_get_accel_fsr)
    i.mpu_get_accel_sens                     0x08005e68   Section        0  inv_mpu.o(i.mpu_get_accel_sens)
    i.mpu_get_fifo_config                    0x08005ebc   Section        0  inv_mpu.o(i.mpu_get_fifo_config)
    i.mpu_get_gyro_fsr                       0x08005ecc   Section        0  inv_mpu.o(i.mpu_get_gyro_fsr)
    i.mpu_get_gyro_sens                      0x08005f10   Section        0  inv_mpu.o(i.mpu_get_gyro_sens)
    i.mpu_get_lpf                            0x08005f60   Section        0  inv_mpu.o(i.mpu_get_lpf)
    i.mpu_get_sample_rate                    0x08005fb0   Section        0  inv_mpu.o(i.mpu_get_sample_rate)
    i.mpu_init                               0x08005fd0   Section        0  inv_mpu.o(i.mpu_init)
    i.mpu_load_firmware                      0x080061c0   Section        0  inv_mpu.o(i.mpu_load_firmware)
    i.mpu_lp_accel_mode                      0x08006278   Section        0  inv_mpu.o(i.mpu_lp_accel_mode)
    i.mpu_read_fifo_stream                   0x08006358   Section        0  inv_mpu.o(i.mpu_read_fifo_stream)
    i.mpu_read_mem                           0x08006418   Section        0  inv_mpu.o(i.mpu_read_mem)
    i.mpu_reset_fifo                         0x08006498   Section        0  inv_mpu.o(i.mpu_reset_fifo)
    i.mpu_run_self_test                      0x08006660   Section        0  inv_mpu.o(i.mpu_run_self_test)
    i.mpu_set_accel_fsr                      0x0800677c   Section        0  inv_mpu.o(i.mpu_set_accel_fsr)
    i.mpu_set_bypass                         0x08006800   Section        0  inv_mpu.o(i.mpu_set_bypass)
    i.mpu_set_dmp_state                      0x0800694c   Section        0  inv_mpu.o(i.mpu_set_dmp_state)
    i.mpu_set_gyro_fsr                       0x080069dc   Section        0  inv_mpu.o(i.mpu_set_gyro_fsr)
    i.mpu_set_int_latched                    0x08006a64   Section        0  inv_mpu.o(i.mpu_set_int_latched)
    i.mpu_set_lpf                            0x08006ad0   Section        0  inv_mpu.o(i.mpu_set_lpf)
    i.mpu_set_sample_rate                    0x08006b54   Section        0  inv_mpu.o(i.mpu_set_sample_rate)
    i.mpu_set_sensors                        0x08006bf0   Section        0  inv_mpu.o(i.mpu_set_sensors)
    i.mpu_write_mem                          0x08006cc0   Section        0  inv_mpu.o(i.mpu_write_mem)
    i.node2_node3                            0x08006d40   Section        0  planc.o(i.node2_node3)
    i.node3_p4                               0x08006d7c   Section        0  planc.o(i.node3_p4)
    i.node4_d3                               0x08006dc0   Section        0  planc.o(i.node4_d3)
    i.node4_d4                               0x08006e74   Section        0  planc.o(i.node4_d4)
    i.node4_p8                               0x08006ed0   Section        0  planc.o(i.node4_p8)
    i.node5_p7                               0x08006edc   Section        0  planc.o(i.node5_p7)
    i.origin                                 0x08006f08   Section        0  planc.o(i.origin)
    i.p7_node2                               0x08006f88   Section        0  planc.o(i.p7_node2)
    i.platform3                              0x08006ff8   Section        0  task.o(i.platform3)
    i.platform7                              0x080070d0   Section        0  pid.o(i.platform7)
    i.platform8                              0x080071a4   Section        0  pid.o(i.platform8)
    i.platform_new                           0x08007334   Section        0  pid.o(i.platform_new)
    i.return1_D1                             0x08007400   Section        0  task.o(i.return1_D1)
    i.return1_D3                             0x080074b0   Section        0  task.o(i.return1_D3)
    i.return2_D4                             0x08007588   Section        0  task.o(i.return2_D4)
    i.right2line                             0x08007630   Section        0  pid.o(i.right2line)
    i.right_time                             0x08007644   Section        0  pid.o(i.right_time)
    i.right_turn1                            0x08007670   Section        0  planc.o(i.right_turn1)
    i.rt_node3_d4                            0x080076a0   Section        0  planc.o(i.rt_node3_d4)
    i.run_self_test                          0x080076d0   Section        0  inv_mpu.o(i.run_self_test)
    i.set_int_enable                         0x08007764   Section        0  inv_mpu.o(i.set_int_enable)
    set_int_enable                           0x08007765   Thumb Code   138  inv_mpu.o(i.set_int_enable)
    i.sqrt                                   0x080077f4   Section        0  sqrt.o(i.sqrt)
    i.stop                                   0x08007840   Section        0  pid.o(i.stop)
    i.turn_right                             0x08007874   Section        0  pid.o(i.turn_right)
    i.turn_until_line                        0x0800794c   Section        0  pid.o(i.turn_until_line)
    i.uart_init                              0x080079a4   Section        0  usart.o(i.uart_init)
    .constdata                               0x08007a44   Section       80  inv_mpu.o(.constdata)
    .constdata                               0x08007a94   Section     3062  inv_mpu_dmp_motion_driver.o(.constdata)
    dmp_memory                               0x08007a94   Data        3062  inv_mpu_dmp_motion_driver.o(.constdata)
    .constdata                               0x08008690   Section       80  asin.o(.constdata)
    pS                                       0x08008690   Data          48  asin.o(.constdata)
    qS                                       0x080086c0   Data          32  asin.o(.constdata)
    .constdata                               0x080086e0   Section      152  atan.o(.constdata)
    atanhi                                   0x080086e0   Data          32  atan.o(.constdata)
    atanlo                                   0x08008700   Data          32  atan.o(.constdata)
    aTodd                                    0x08008720   Data          40  atan.o(.constdata)
    aTeven                                   0x08008748   Data          48  atan.o(.constdata)
    .constdata                               0x08008778   Section        8  qnan.o(.constdata)
    .conststring                             0x08008780   Section       77  inv_mpu.o(.conststring)
    .data                                    0x20000000   Section       68  main.o(.data)
    .data                                    0x20000044   Section       20  system_stm32f10x.o(.data)
    .data                                    0x20000058   Section        4  delay.o(.data)
    fac_us                                   0x20000058   Data           1  delay.o(.data)
    fac_ms                                   0x2000005a   Data           2  delay.o(.data)
    .data                                    0x2000005c   Section        6  usart.o(.data)
    .data                                    0x20000062   Section       20  stm32f10x_rcc.o(.data)
    APBAHBPrescTable                         0x20000062   Data          16  stm32f10x_rcc.o(.data)
    ADCPrescTable                            0x20000072   Data           4  stm32f10x_rcc.o(.data)
    .data                                    0x20000078   Section       26  pid.o(.data)
    .data                                    0x20000094   Section       53  inv_mpu.o(.data)
    st                                       0x20000094   Data          44  inv_mpu.o(.data)
    gyro_orientation                         0x200000c0   Data           9  inv_mpu.o(.data)
    .data                                    0x200000cc   Section        4  errno.o(.data)
    _errno                                   0x200000cc   Data           4  errno.o(.data)
    .bss                                     0x200000d0   Section       20  main.o(.bss)
    .bss                                     0x200000e4   Section      200  usart.o(.bss)
    .bss                                     0x200001ac   Section       64  pid.o(.bss)
    .bss                                     0x200001ec   Section       16  inv_mpu_dmp_motion_driver.o(.bss)
    dmp                                      0x200001ec   Data          16  inv_mpu_dmp_motion_driver.o(.bss)
    STACK                                    0x20000200   Section     1024  startup_stm32f10x_hd.o(STACK)

    Global Symbols

    Symbol Name                              Value     Ov Type        Size  Object(Section)

    BuildAttributes$$THM_ISAv4$P$D$K$B$S$PE$A:L22UL41UL21$X:L11$S22US41US21$IEEE1$IW$USESV6$~STKCKD$USESV7$~SHL$OTIME$ROPI$IEEEX$EBA8$MICROLIB$REQ8$PRES8$EABIv2 0x00000000   Number         0  anon$$obj.o ABSOLUTE
    __ARM_use_no_argv                        0x00000000   Number         0  main.o ABSOLUTE
    __use_no_errno                           0x00000000   Number         0  useno.o ABSOLUTE
    __use_no_exception_handling              0x00000000   Number         0  useno.o ABSOLUTE
    __use_no_fp                              0x00000000   Number         0  useno.o ABSOLUTE
    __use_no_heap                            0x00000000   Number         0  useno.o ABSOLUTE
    __use_no_heap_region                     0x00000000   Number         0  useno.o ABSOLUTE
    __use_no_semihosting                     0x00000000   Number         0  useno.o ABSOLUTE
    __use_no_semihosting_swi                 0x00000000   Number         0  useno.o ABSOLUTE
    __use_no_signal_handling                 0x00000000   Number         0  useno.o ABSOLUTE
    _printf_a                                0x00000000   Number         0  stubs.o ABSOLUTE
    _printf_c                                0x00000000   Number         0  stubs.o ABSOLUTE
    _printf_charcount                        0x00000000   Number         0  stubs.o ABSOLUTE
    _printf_d                                0x00000000   Number         0  stubs.o ABSOLUTE
    _printf_e                                0x00000000   Number         0  stubs.o ABSOLUTE
    _printf_f                                0x00000000   Number         0  stubs.o ABSOLUTE
    _printf_flags                            0x00000000   Number         0  stubs.o ABSOLUTE
    _printf_fp_dec                           0x00000000   Number         0  stubs.o ABSOLUTE
    _printf_fp_hex                           0x00000000   Number         0  stubs.o ABSOLUTE
    _printf_g                                0x00000000   Number         0  stubs.o ABSOLUTE
    _printf_i                                0x00000000   Number         0  stubs.o ABSOLUTE
    _printf_int_dec                          0x00000000   Number         0  stubs.o ABSOLUTE
    _printf_l                                0x00000000   Number         0  stubs.o ABSOLUTE
    _printf_lc                               0x00000000   Number         0  stubs.o ABSOLUTE
    _printf_ll                               0x00000000   Number         0  stubs.o ABSOLUTE
    _printf_lld                              0x00000000   Number         0  stubs.o ABSOLUTE
    _printf_lli                              0x00000000   Number         0  stubs.o ABSOLUTE
    _printf_llo                              0x00000000   Number         0  stubs.o ABSOLUTE
    _printf_llu                              0x00000000   Number         0  stubs.o ABSOLUTE
    _printf_llx                              0x00000000   Number         0  stubs.o ABSOLUTE
    _printf_longlong_dec                     0x00000000   Number         0  stubs.o ABSOLUTE
    _printf_longlong_hex                     0x00000000   Number         0  stubs.o ABSOLUTE
    _printf_longlong_oct                     0x00000000   Number         0  stubs.o ABSOLUTE
    _printf_ls                               0x00000000   Number         0  stubs.o ABSOLUTE
    _printf_mbtowc                           0x00000000   Number         0  stubs.o ABSOLUTE
    _printf_n                                0x00000000   Number         0  stubs.o ABSOLUTE
    _printf_o                                0x00000000   Number         0  stubs.o ABSOLUTE
    _printf_p                                0x00000000   Number         0  stubs.o ABSOLUTE
    _printf_percent                          0x00000000   Number         0  stubs.o ABSOLUTE
    _printf_pre_padding                      0x00000000   Number         0  stubs.o ABSOLUTE
    _printf_return_value                     0x00000000   Number         0  stubs.o ABSOLUTE
    _printf_s                                0x00000000   Number         0  stubs.o ABSOLUTE
    _printf_sizespec                         0x00000000   Number         0  stubs.o ABSOLUTE
    _printf_str                              0x00000000   Number         0  stubs.o ABSOLUTE
    _printf_truncate_signed                  0x00000000   Number         0  stubs.o ABSOLUTE
    _printf_truncate_unsigned                0x00000000   Number         0  stubs.o ABSOLUTE
    _printf_u                                0x00000000   Number         0  stubs.o ABSOLUTE
    _printf_wc                               0x00000000   Number         0  stubs.o ABSOLUTE
    _printf_wctomb                           0x00000000   Number         0  stubs.o ABSOLUTE
    _printf_widthprec                        0x00000000   Number         0  stubs.o ABSOLUTE
    _printf_x                                0x00000000   Number         0  stubs.o ABSOLUTE
    __cpp_initialize__aeabi_                  - Undefined Weak Reference
    __cxa_finalize                            - Undefined Weak Reference
    __decompress                              - Undefined Weak Reference
    _clock_init                               - Undefined Weak Reference
    _microlib_exit                            - Undefined Weak Reference
    __Vectors_Size                           0x00000130   Number         0  startup_stm32f10x_hd.o ABSOLUTE
    __Vectors                                0x08000000   Data           4  startup_stm32f10x_hd.o(RESET)
    __Vectors_End                            0x08000130   Data           0  startup_stm32f10x_hd.o(RESET)
    __main                                   0x08000131   Thumb Code     0  entry.o(.ARM.Collect$$$$00000000)
    _main_stk                                0x08000131   Thumb Code     0  entry2.o(.ARM.Collect$$$$00000001)
    _main_scatterload                        0x08000135   Thumb Code     0  entry5.o(.ARM.Collect$$$$00000004)
    __main_after_scatterload                 0x08000139   Thumb Code     0  entry5.o(.ARM.Collect$$$$00000004)
    _main_clock                              0x08000139   Thumb Code     0  entry7b.o(.ARM.Collect$$$$00000008)
    _main_cpp_init                           0x08000139   Thumb Code     0  entry8b.o(.ARM.Collect$$$$0000000A)
    _main_init                               0x08000139   Thumb Code     0  entry9a.o(.ARM.Collect$$$$0000000B)
    __rt_final_cpp                           0x08000141   Thumb Code     0  entry10a.o(.ARM.Collect$$$$0000000D)
    __rt_final_exit                          0x08000141   Thumb Code     0  entry11a.o(.ARM.Collect$$$$0000000F)
    Reset_Handler                            0x08000145   Thumb Code     8  startup_stm32f10x_hd.o(.text)
    ADC1_2_IRQHandler                        0x0800015f   Thumb Code     0  startup_stm32f10x_hd.o(.text)
    ADC3_IRQHandler                          0x0800015f   Thumb Code     0  startup_stm32f10x_hd.o(.text)
    CAN1_RX1_IRQHandler                      0x0800015f   Thumb Code     0  startup_stm32f10x_hd.o(.text)
    CAN1_SCE_IRQHandler                      0x0800015f   Thumb Code     0  startup_stm32f10x_hd.o(.text)
    DMA1_Channel1_IRQHandler                 0x0800015f   Thumb Code     0  startup_stm32f10x_hd.o(.text)
    DMA1_Channel2_IRQHandler                 0x0800015f   Thumb Code     0  startup_stm32f10x_hd.o(.text)
    DMA1_Channel3_IRQHandler                 0x0800015f   Thumb Code     0  startup_stm32f10x_hd.o(.text)
    DMA1_Channel4_IRQHandler                 0x0800015f   Thumb Code     0  startup_stm32f10x_hd.o(.text)
    DMA1_Channel5_IRQHandler                 0x0800015f   Thumb Code     0  startup_stm32f10x_hd.o(.text)
    DMA1_Channel6_IRQHandler                 0x0800015f   Thumb Code     0  startup_stm32f10x_hd.o(.text)
    DMA1_Channel7_IRQHandler                 0x0800015f   Thumb Code     0  startup_stm32f10x_hd.o(.text)
    DMA2_Channel1_IRQHandler                 0x0800015f   Thumb Code     0  startup_stm32f10x_hd.o(.text)
    DMA2_Channel2_IRQHandler                 0x0800015f   Thumb Code     0  startup_stm32f10x_hd.o(.text)
    DMA2_Channel3_IRQHandler                 0x0800015f   Thumb Code     0  startup_stm32f10x_hd.o(.text)
    DMA2_Channel4_5_IRQHandler               0x0800015f   Thumb Code     0  startup_stm32f10x_hd.o(.text)
    EXTI0_IRQHandler                         0x0800015f   Thumb Code     0  startup_stm32f10x_hd.o(.text)
    EXTI1_IRQHandler                         0x0800015f   Thumb Code     0  startup_stm32f10x_hd.o(.text)
    EXTI2_IRQHandler                         0x0800015f   Thumb Code     0  startup_stm32f10x_hd.o(.text)
    EXTI3_IRQHandler                         0x0800015f   Thumb Code     0  startup_stm32f10x_hd.o(.text)
    EXTI4_IRQHandler                         0x0800015f   Thumb Code     0  startup_stm32f10x_hd.o(.text)
    FLASH_IRQHandler                         0x0800015f   Thumb Code     0  startup_stm32f10x_hd.o(.text)
    FSMC_IRQHandler                          0x0800015f   Thumb Code     0  startup_stm32f10x_hd.o(.text)
    I2C1_ER_IRQHandler                       0x0800015f   Thumb Code     0  startup_stm32f10x_hd.o(.text)
    I2C1_EV_IRQHandler                       0x0800015f   Thumb Code     0  startup_stm32f10x_hd.o(.text)
    I2C2_ER_IRQHandler                       0x0800015f   Thumb Code     0  startup_stm32f10x_hd.o(.text)
    I2C2_EV_IRQHandler                       0x0800015f   Thumb Code     0  startup_stm32f10x_hd.o(.text)
    PVD_IRQHandler                           0x0800015f   Thumb Code     0  startup_stm32f10x_hd.o(.text)
    RCC_IRQHandler                           0x0800015f   Thumb Code     0  startup_stm32f10x_hd.o(.text)
    RTCAlarm_IRQHandler                      0x0800015f   Thumb Code     0  startup_stm32f10x_hd.o(.text)
    RTC_IRQHandler                           0x0800015f   Thumb Code     0  startup_stm32f10x_hd.o(.text)
    SDIO_IRQHandler                          0x0800015f   Thumb Code     0  startup_stm32f10x_hd.o(.text)
    SPI1_IRQHandler                          0x0800015f   Thumb Code     0  startup_stm32f10x_hd.o(.text)
    SPI2_IRQHandler                          0x0800015f   Thumb Code     0  startup_stm32f10x_hd.o(.text)
    SPI3_IRQHandler                          0x0800015f   Thumb Code     0  startup_stm32f10x_hd.o(.text)
    TAMPER_IRQHandler                        0x0800015f   Thumb Code     0  startup_stm32f10x_hd.o(.text)
    TIM1_BRK_IRQHandler                      0x0800015f   Thumb Code     0  startup_stm32f10x_hd.o(.text)
    TIM1_CC_IRQHandler                       0x0800015f   Thumb Code     0  startup_stm32f10x_hd.o(.text)
    TIM1_TRG_COM_IRQHandler                  0x0800015f   Thumb Code     0  startup_stm32f10x_hd.o(.text)
    TIM2_IRQHandler                          0x0800015f   Thumb Code     0  startup_stm32f10x_hd.o(.text)
    TIM3_IRQHandler                          0x0800015f   Thumb Code     0  startup_stm32f10x_hd.o(.text)
    TIM4_IRQHandler                          0x0800015f   Thumb Code     0  startup_stm32f10x_hd.o(.text)
    TIM5_IRQHandler                          0x0800015f   Thumb Code     0  startup_stm32f10x_hd.o(.text)
    TIM6_IRQHandler                          0x0800015f   Thumb Code     0  startup_stm32f10x_hd.o(.text)
    TIM7_IRQHandler                          0x0800015f   Thumb Code     0  startup_stm32f10x_hd.o(.text)
    TIM8_BRK_IRQHandler                      0x0800015f   Thumb Code     0  startup_stm32f10x_hd.o(.text)
    TIM8_CC_IRQHandler                       0x0800015f   Thumb Code     0  startup_stm32f10x_hd.o(.text)
    TIM8_TRG_COM_IRQHandler                  0x0800015f   Thumb Code     0  startup_stm32f10x_hd.o(.text)
    UART4_IRQHandler                         0x0800015f   Thumb Code     0  startup_stm32f10x_hd.o(.text)
    UART5_IRQHandler                         0x0800015f   Thumb Code     0  startup_stm32f10x_hd.o(.text)
    USART2_IRQHandler                        0x0800015f   Thumb Code     0  startup_stm32f10x_hd.o(.text)
    USBWakeUp_IRQHandler                     0x0800015f   Thumb Code     0  startup_stm32f10x_hd.o(.text)
    USB_HP_CAN1_TX_IRQHandler                0x0800015f   Thumb Code     0  startup_stm32f10x_hd.o(.text)
    USB_LP_CAN1_RX0_IRQHandler               0x0800015f   Thumb Code     0  startup_stm32f10x_hd.o(.text)
    WWDG_IRQHandler                          0x0800015f   Thumb Code     0  startup_stm32f10x_hd.o(.text)
    __aeabi_ldivmod                          0x08000169   Thumb Code    98  ldiv.o(.text)
    __aeabi_memset                           0x080001cb   Thumb Code    14  memseta.o(.text)
    __aeabi_memset4                          0x080001cb   Thumb Code     0  memseta.o(.text)
    __aeabi_memset8                          0x080001cb   Thumb Code     0  memseta.o(.text)
    __aeabi_memclr                           0x080001d9   Thumb Code     4  memseta.o(.text)
    __aeabi_memclr4                          0x080001d9   Thumb Code     0  memseta.o(.text)
    __aeabi_memclr8                          0x080001d9   Thumb Code     0  memseta.o(.text)
    _memset$wrapper                          0x080001dd   Thumb Code    18  memseta.o(.text)
    memcmp                                   0x080001ef   Thumb Code    26  memcmp.o(.text)
    __aeabi_fadd                             0x08000209   Thumb Code   164  fadd.o(.text)
    __aeabi_fsub                             0x080002ad   Thumb Code     6  fadd.o(.text)
    __aeabi_frsub                            0x080002b3   Thumb Code     6  fadd.o(.text)
    __aeabi_fmul                             0x080002b9   Thumb Code   100  fmul.o(.text)
    __aeabi_fdiv                             0x0800031d   Thumb Code   124  fdiv.o(.text)
    __aeabi_dadd                             0x08000399   Thumb Code   322  dadd.o(.text)
    __aeabi_dsub                             0x080004db   Thumb Code     6  dadd.o(.text)
    __aeabi_drsub                            0x080004e1   Thumb Code     6  dadd.o(.text)
    __aeabi_dmul                             0x080004e7   Thumb Code   228  dmul.o(.text)
    __aeabi_ddiv                             0x080005cb   Thumb Code   222  ddiv.o(.text)
    __aeabi_i2f                              0x080006a9   Thumb Code    18  fflti.o(.text)
    __aeabi_ui2f                             0x080006bb   Thumb Code    10  ffltui.o(.text)
    __aeabi_i2d                              0x080006c5   Thumb Code    34  dflti.o(.text)
    __aeabi_f2iz                             0x080006e7   Thumb Code    50  ffixi.o(.text)
    __aeabi_f2uiz                            0x08000719   Thumb Code    40  ffixui.o(.text)
    __aeabi_f2d                              0x08000741   Thumb Code    38  f2d.o(.text)
    __aeabi_cdcmpeq                          0x08000769   Thumb Code     0  cdcmple.o(.text)
    __aeabi_cdcmple                          0x08000769   Thumb Code    48  cdcmple.o(.text)
    __aeabi_cdrcmple                         0x08000799   Thumb Code    48  cdrcmple.o(.text)
    __aeabi_d2f                              0x080007c9   Thumb Code    56  d2f.o(.text)
    __aeabi_cfcmpeq                          0x08000801   Thumb Code     0  cfcmple.o(.text)
    __aeabi_cfcmple                          0x08000801   Thumb Code    20  cfcmple.o(.text)
    __aeabi_cfrcmple                         0x08000815   Thumb Code    20  cfrcmple.o(.text)
    __aeabi_uldivmod                         0x08000829   Thumb Code    98  uldiv.o(.text)
    __aeabi_llsl                             0x0800088b   Thumb Code    30  llshl.o(.text)
    _ll_shift_l                              0x0800088b   Thumb Code     0  llshl.o(.text)
    __aeabi_lasr                             0x080008a9   Thumb Code    36  llsshr.o(.text)
    _ll_sshift_r                             0x080008a9   Thumb Code     0  llsshr.o(.text)
    __I$use$fp                               0x080008cd   Thumb Code     0  iusefp.o(.text)
    _float_round                             0x080008cd   Thumb Code    18  fepilogue.o(.text)
    _float_epilogue                          0x080008df   Thumb Code    92  fepilogue.o(.text)
    _double_round                            0x0800093b   Thumb Code    30  depilogue.o(.text)
    _double_epilogue                         0x08000959   Thumb Code   156  depilogue.o(.text)
    __ARM_scalbn                             0x080009f5   Thumb Code    46  dscalb.o(.text)
    scalbn                                   0x080009f5   Thumb Code     0  dscalb.o(.text)
    __scatterload                            0x08000a25   Thumb Code    28  init.o(.text)
    __scatterload_rt2                        0x08000a25   Thumb Code     0  init.o(.text)
    __aeabi_llsr                             0x08000a49   Thumb Code    32  llushr.o(.text)
    _ll_ushift_r                             0x08000a49   Thumb Code     0  llushr.o(.text)
    _dsqrt                                   0x08000a69   Thumb Code   162  dsqrt.o(.text)
    BusFault_Handler                         0x08000b0b   Thumb Code     4  stm32f10x_it.o(i.BusFault_Handler)
    DebugMon_Handler                         0x08000b0f   Thumb Code     2  stm32f10x_it.o(i.DebugMon_Handler)
    Door_Judege                              0x08000b11   Thumb Code   268  pid.o(i.Door_Judege)
    EXTI15_10_IRQHandler                     0x08000c31   Thumb Code    58  exti.o(i.EXTI15_10_IRQHandler)
    EXTI9_5_IRQHandler                       0x08000c6b   Thumb Code    56  exti.o(i.EXTI9_5_IRQHandler)
    EXTIX_Init                               0x08000ca3   Thumb Code   170  exti.o(i.EXTIX_Init)
    EXTI_ClearITPendingBit                   0x08000d4d   Thumb Code     6  stm32f10x_exti.o(i.EXTI_ClearITPendingBit)
    EXTI_GetITStatus                         0x08000d59   Thumb Code    34  stm32f10x_exti.o(i.EXTI_GetITStatus)
    EXTI_Init                                0x08000d81   Thumb Code   142  stm32f10x_exti.o(i.EXTI_Init)
    Eig_Hui_Init                             0x08000e15   Thumb Code    66  sensor.o(i.Eig_Hui_Init)
    GD_Sensor_Init                           0x08000e61   Thumb Code    38  sensor.o(i.GD_Sensor_Init)
    GPIO_EXTILineConfig                      0x08000e8d   Thumb Code    60  stm32f10x_gpio.o(i.GPIO_EXTILineConfig)
    GPIO_Init                                0x08000ecd   Thumb Code   278  stm32f10x_gpio.o(i.GPIO_Init)
    GPIO_PinRemapConfig                      0x08000fe5   Thumb Code   138  stm32f10x_gpio.o(i.GPIO_PinRemapConfig)
    GPIO_ReadInputDataBit                    0x08001075   Thumb Code    18  stm32f10x_gpio.o(i.GPIO_ReadInputDataBit)
    GPIO_ResetBits                           0x08001087   Thumb Code     4  stm32f10x_gpio.o(i.GPIO_ResetBits)
    GPIO_SetBits                             0x0800108b   Thumb Code     4  stm32f10x_gpio.o(i.GPIO_SetBits)
    HardFault_Handler                        0x0800108f   Thumb Code     4  stm32f10x_it.o(i.HardFault_Handler)
    Hui_Error_return                         0x08001095   Thumb Code  1162  pid.o(i.Hui_Error_return)
    KEY_Init                                 0x0800152d   Thumb Code    34  exti.o(i.KEY_Init)
    LED_ALL_OFF                              0x08001555   Thumb Code    20  led.o(i.LED_ALL_OFF)
    LED_ALL_ON                               0x08001571   Thumb Code    20  led.o(i.LED_ALL_ON)
    LED_Init                                 0x0800158d   Thumb Code    62  led.o(i.LED_Init)
    Limit_PWM                                0x080015d1   Thumb Code    46  motor.o(i.Limit_PWM)
    MOTOR_GPIO_Init                          0x08001601   Thumb Code    84  motor.o(i.MOTOR_GPIO_Init)
    MPU_IIC_Ack                              0x08001665   Thumb Code    62  mpuiic.o(i.MPU_IIC_Ack)
    MPU_IIC_Delay                            0x080016b1   Thumb Code    10  mpuiic.o(i.MPU_IIC_Delay)
    MPU_IIC_Init                             0x080016bd   Thumb Code    50  mpuiic.o(i.MPU_IIC_Init)
    MPU_IIC_NAck                             0x080016f5   Thumb Code    62  mpuiic.o(i.MPU_IIC_NAck)
    MPU_IIC_Read_Byte                        0x08001741   Thumb Code    94  mpuiic.o(i.MPU_IIC_Read_Byte)
    MPU_IIC_Send_Byte                        0x080017ad   Thumb Code    80  mpuiic.o(i.MPU_IIC_Send_Byte)
    MPU_IIC_Start                            0x08001809   Thumb Code    60  mpuiic.o(i.MPU_IIC_Start)
    MPU_IIC_Stop                             0x08001851   Thumb Code    58  mpuiic.o(i.MPU_IIC_Stop)
    MPU_IIC_Wait_Ack                         0x08001899   Thumb Code    86  mpuiic.o(i.MPU_IIC_Wait_Ack)
    MPU_Init                                 0x080018fd   Thumb Code   122  mpu6050.o(i.MPU_Init)
    MPU_Read_Byte                            0x08001977   Thumb Code    58  mpu6050.o(i.MPU_Read_Byte)
    MPU_Read_Len                             0x080019b1   Thumb Code   116  mpu6050.o(i.MPU_Read_Len)
    MPU_Set_Accel_Fsr                        0x08001a25   Thumb Code    16  mpu6050.o(i.MPU_Set_Accel_Fsr)
    MPU_Set_Gyro_Fsr                         0x08001a35   Thumb Code    16  mpu6050.o(i.MPU_Set_Gyro_Fsr)
    MPU_Set_LPF                              0x08001a45   Thumb Code    58  mpu6050.o(i.MPU_Set_LPF)
    MPU_Set_Rate                             0x08001a7f   Thumb Code    58  mpu6050.o(i.MPU_Set_Rate)
    MPU_Write_Byte                           0x08001ab9   Thumb Code    68  mpu6050.o(i.MPU_Write_Byte)
    MPU_Write_Len                            0x08001afd   Thumb Code    96  mpu6050.o(i.MPU_Write_Len)
    MemManage_Handler                        0x08001b5d   Thumb Code     4  stm32f10x_it.o(i.MemManage_Handler)
    NMI_Handler                              0x08001b61   Thumb Code     2  stm32f10x_it.o(i.NMI_Handler)
    NVIC_Init                                0x08001b65   Thumb Code   100  misc.o(i.NVIC_Init)
    NVIC_PriorityGroupConfig                 0x08001bd5   Thumb Code    10  misc.o(i.NVIC_PriorityGroupConfig)
    PendSV_Handler                           0x08001be9   Thumb Code     2  stm32f10x_it.o(i.PendSV_Handler)
    RCC_APB1PeriphClockCmd                   0x08001bed   Thumb Code    26  stm32f10x_rcc.o(i.RCC_APB1PeriphClockCmd)
    RCC_APB1PeriphResetCmd                   0x08001c0d   Thumb Code    26  stm32f10x_rcc.o(i.RCC_APB1PeriphResetCmd)
    RCC_APB2PeriphClockCmd                   0x08001c2d   Thumb Code    26  stm32f10x_rcc.o(i.RCC_APB2PeriphClockCmd)
    RCC_APB2PeriphResetCmd                   0x08001c4d   Thumb Code    26  stm32f10x_rcc.o(i.RCC_APB2PeriphResetCmd)
    RCC_GetClocksFreq                        0x08001c6d   Thumb Code   192  stm32f10x_rcc.o(i.RCC_GetClocksFreq)
    Read_Digital_Data                        0x08001d41   Thumb Code   212  pid.o(i.Read_Digital_Data)
    Read_GD_L_Data                           0x08001e21   Thumb Code    90  pid.o(i.Read_GD_L_Data)
    Read_GD_R_Data                           0x08001e85   Thumb Code    92  pid.o(i.Read_GD_R_Data)
    SB_Sensor_Init                           0x08001ee9   Thumb Code    38  sensor.o(i.SB_Sensor_Init)
    SVC_Handler                              0x08001f15   Thumb Code     2  stm32f10x_it.o(i.SVC_Handler)
    Sensors_GPIO_Init                        0x08001f17   Thumb Code    16  sensor.o(i.Sensors_GPIO_Init)
    SysTick_CLKSourceConfig                  0x08002011   Thumb Code    40  misc.o(i.SysTick_CLKSourceConfig)
    SysTick_Handler                          0x08002039   Thumb Code     2  stm32f10x_it.o(i.SysTick_Handler)
    SystemInit                               0x0800203d   Thumb Code    78  system_stm32f10x.o(i.SystemInit)
    TIM1_Init                                0x0800209d   Thumb Code    86  tim.o(i.TIM1_Init)
    TIM1_OFF                                 0x080020f9   Thumb Code    12  tim.o(i.TIM1_OFF)
    TIM1_ON                                  0x0800210d   Thumb Code    14  tim.o(i.TIM1_ON)
    TIM1_UP_IRQHandler                       0x08002125   Thumb Code   116  tim.o(i.TIM1_UP_IRQHandler)
    TIM3_PWM_Init                            0x080021b5   Thumb Code   144  motor.o(i.TIM3_PWM_Init)
    TIM8_Init                                0x08002249   Thumb Code    90  tim.o(i.TIM8_Init)
    TIM8_OFF                                 0x080022a9   Thumb Code    12  tim.o(i.TIM8_OFF)
    TIM8_ON                                  0x080022bd   Thumb Code     8  tim.o(i.TIM8_ON)
    TIM8_UP_IRQHandler                       0x080022c9   Thumb Code    78  tim.o(i.TIM8_UP_IRQHandler)
    TIM_ARRPreloadConfig                     0x0800232d   Thumb Code    24  stm32f10x_tim.o(i.TIM_ARRPreloadConfig)
    TIM_ClearITPendingBit                    0x08002345   Thumb Code     6  stm32f10x_tim.o(i.TIM_ClearITPendingBit)
    TIM_Cmd                                  0x0800234b   Thumb Code    24  stm32f10x_tim.o(i.TIM_Cmd)
    TIM_GetFlagStatus                        0x08002363   Thumb Code    18  stm32f10x_tim.o(i.TIM_GetFlagStatus)
    TIM_ITConfig                             0x08002375   Thumb Code    18  stm32f10x_tim.o(i.TIM_ITConfig)
    TIM_OC1Init                              0x08002389   Thumb Code   132  stm32f10x_tim.o(i.TIM_OC1Init)
    TIM_OC1PreloadConfig                     0x08002421   Thumb Code    18  stm32f10x_tim.o(i.TIM_OC1PreloadConfig)
    TIM_OC2Init                              0x08002435   Thumb Code   154  stm32f10x_tim.o(i.TIM_OC2Init)
    TIM_OC2PreloadConfig                     0x080024d9   Thumb Code    26  stm32f10x_tim.o(i.TIM_OC2PreloadConfig)
    TIM_OC3Init                              0x080024f5   Thumb Code   150  stm32f10x_tim.o(i.TIM_OC3Init)
    TIM_OC3PreloadConfig                     0x08002595   Thumb Code    18  stm32f10x_tim.o(i.TIM_OC3PreloadConfig)
    TIM_OC4Init                              0x080025a9   Thumb Code   114  stm32f10x_tim.o(i.TIM_OC4Init)
    TIM_OC4PreloadConfig                     0x08002625   Thumb Code    26  stm32f10x_tim.o(i.TIM_OC4PreloadConfig)
    TIM_TimeBaseInit                         0x08002641   Thumb Code   122  stm32f10x_tim.o(i.TIM_TimeBaseInit)
    USART1_IRQHandler                        0x080026e5   Thumb Code   122  usart.o(i.USART1_IRQHandler)
    USART3_IRQHandler                        0x0800276d   Thumb Code    24  usart3.o(i.USART3_IRQHandler)
    USART3_Init                              0x08002789   Thumb Code   172  usart3.o(i.USART3_Init)
    USART_ClearFlag                          0x08002841   Thumb Code    18  stm32f10x_usart.o(i.USART_ClearFlag)
    USART_Cmd                                0x08002853   Thumb Code    24  stm32f10x_usart.o(i.USART_Cmd)
    USART_DeInit                             0x0800286d   Thumb Code   134  stm32f10x_usart.o(i.USART_DeInit)
    USART_GetITStatus                        0x08002909   Thumb Code    84  stm32f10x_usart.o(i.USART_GetITStatus)
    USART_ITConfig                           0x0800295d   Thumb Code    74  stm32f10x_usart.o(i.USART_ITConfig)
    USART_Init                               0x080029a9   Thumb Code   210  stm32f10x_usart.o(i.USART_Init)
    USART_ReceiveData                        0x08002a81   Thumb Code    10  stm32f10x_usart.o(i.USART_ReceiveData)
    UsageFault_Handler                       0x08002a8b   Thumb Code     4  stm32f10x_it.o(i.UsageFault_Handler)
    __0printf$8                              0x08002a91   Thumb Code    22  printf8.o(i.__0printf$8)
    __1printf$8                              0x08002a91   Thumb Code     0  printf8.o(i.__0printf$8)
    __2printf                                0x08002a91   Thumb Code     0  printf8.o(i.__0printf$8)
    __ARM_fpclassify                         0x08002ab1   Thumb Code    40  fpclassify.o(i.__ARM_fpclassify)
    __kernel_poly                            0x08002ad9   Thumb Code   170  poly.o(i.__kernel_poly)
    __mathlib_dbl_infnan                     0x08002b83   Thumb Code     6  dunder.o(i.__mathlib_dbl_infnan)
    __mathlib_dbl_infnan2                    0x08002b89   Thumb Code     4  dunder.o(i.__mathlib_dbl_infnan2)
    __mathlib_dbl_invalid                    0x08002b8d   Thumb Code    12  dunder.o(i.__mathlib_dbl_invalid)
    __mathlib_dbl_underflow                  0x08002b99   Thumb Code    10  dunder.o(i.__mathlib_dbl_underflow)
    __scatterload_copy                       0x08002ba9   Thumb Code    14  handlers.o(i.__scatterload_copy)
    __scatterload_null                       0x08002bb7   Thumb Code     2  handlers.o(i.__scatterload_null)
    __scatterload_zeroinit                   0x08002bb9   Thumb Code    14  handlers.o(i.__scatterload_zeroinit)
    __set_errno                              0x08002bc9   Thumb Code     6  errno.o(i.__set_errno)
    asin                                     0x080030e1   Thumb Code   572  asin.o(i.asin)
    atan                                     0x08003351   Thumb Code   474  atan.o(i.atan)
    atan2                                    0x08003571   Thumb Code   346  atan2.o(i.atan2)
    bevel_1_3                                0x080036f1   Thumb Code   130  planc.o(i.bevel_1_3)
    bevel_2_4                                0x08003789   Thumb Code   146  planc.o(i.bevel_2_4)
    bevel_4_1                                0x08003839   Thumb Code   154  planc.o(i.bevel_4_1)
    blink                                    0x080038ed   Thumb Code    56  led.o(i.blink)
    bumps_2                                  0x0800392d   Thumb Code   120  planc.o(i.bumps_2)
    bumps_3                                  0x080039bd   Thumb Code   142  planc.o(i.bumps_3)
    dash                                     0x08003a69   Thumb Code    16  pid.o(i.dash)
    dash_dp                                  0x08003a7d   Thumb Code    16  pid.o(i.dash_dp)
    dash_op                                  0x08003a91   Thumb Code    16  pid.o(i.dash_op)
    delay_init                               0x08003b09   Thumb Code    50  delay.o(i.delay_init)
    delay_ms                                 0x08003b4d   Thumb Code    72  delay.o(i.delay_ms)
    delay_us                                 0x08003b99   Thumb Code    72  delay.o(i.delay_us)
    dmp_enable_6x_lp_quat                    0x08003be5   Thumb Code    60  inv_mpu_dmp_motion_driver.o(i.dmp_enable_6x_lp_quat)
    dmp_enable_feature                       0x08003c21   Thumb Code   530  inv_mpu_dmp_motion_driver.o(i.dmp_enable_feature)
    dmp_enable_gyro_cal                      0x08003e3d   Thumb Code    62  inv_mpu_dmp_motion_driver.o(i.dmp_enable_gyro_cal)
    dmp_enable_lp_quat                       0x08003e95   Thumb Code    60  inv_mpu_dmp_motion_driver.o(i.dmp_enable_lp_quat)
    dmp_load_motion_driver_firmware          0x08003ed1   Thumb Code    20  inv_mpu_dmp_motion_driver.o(i.dmp_load_motion_driver_firmware)
    dmp_read_fifo                            0x08003ee9   Thumb Code   456  inv_mpu_dmp_motion_driver.o(i.dmp_read_fifo)
    dmp_set_accel_bias                       0x080040b5   Thumb Code   300  inv_mpu_dmp_motion_driver.o(i.dmp_set_accel_bias)
    dmp_set_fifo_rate                        0x080041e5   Thumb Code    96  inv_mpu_dmp_motion_driver.o(i.dmp_set_fifo_rate)
    dmp_set_gyro_bias                        0x08004255   Thumb Code   294  inv_mpu_dmp_motion_driver.o(i.dmp_set_gyro_bias)
    dmp_set_orientation                      0x08004385   Thumb Code   290  inv_mpu_dmp_motion_driver.o(i.dmp_set_orientation)
    dmp_set_shake_reject_thresh              0x080044bd   Thumb Code    56  inv_mpu_dmp_motion_driver.o(i.dmp_set_shake_reject_thresh)
    dmp_set_shake_reject_time                0x080044f5   Thumb Code    38  inv_mpu_dmp_motion_driver.o(i.dmp_set_shake_reject_time)
    dmp_set_shake_reject_timeout             0x0800451b   Thumb Code    38  inv_mpu_dmp_motion_driver.o(i.dmp_set_shake_reject_timeout)
    dmp_set_tap_axes                         0x08004541   Thumb Code    70  inv_mpu_dmp_motion_driver.o(i.dmp_set_tap_axes)
    dmp_set_tap_count                        0x08004587   Thumb Code    38  inv_mpu_dmp_motion_driver.o(i.dmp_set_tap_count)
    dmp_set_tap_thresh                       0x080045ad   Thumb Code   396  inv_mpu_dmp_motion_driver.o(i.dmp_set_tap_thresh)
    dmp_set_tap_time                         0x0800474d   Thumb Code    38  inv_mpu_dmp_motion_driver.o(i.dmp_set_tap_time)
    dmp_set_tap_time_multi                   0x08004773   Thumb Code    38  inv_mpu_dmp_motion_driver.o(i.dmp_set_tap_time_multi)
    down_platform                            0x08004799   Thumb Code    58  pid.o(i.down_platform)
    down_platform8                           0x080047d9   Thumb Code    70  pid.o(i.down_platform8)
    forward_mid                              0x0800482d   Thumb Code   120  pid.o(i.forward_mid)
    forward_mid_light                        0x080048b5   Thumb Code   148  pid.o(i.forward_mid_light)
    forward_mid_light_L                      0x0800495d   Thumb Code   136  pid.o(i.forward_mid_light_L)
    forward_mid_light_R                      0x080049f5   Thumb Code   136  pid.o(i.forward_mid_light_R)
    fputc                                    0x08004a8d   Thumb Code    24  usart.o(i.fputc)
    go_adjust                                0x08004fcd   Thumb Code   394  pid.o(i.go_adjust)
    go_bridge_new                            0x08005161   Thumb Code   148  planc.o(i.go_bridge_new)
    go_closed                                0x08005209   Thumb Code    40  pid.o(i.go_closed)
    go_door                                  0x08005235   Thumb Code    40  pid.o(i.go_door)
    go_forward                               0x08005265   Thumb Code   360  pid.o(i.go_forward)
    go_open                                  0x080053ed   Thumb Code    40  pid.o(i.go_open)
    inv_orientation_matrix_to_scalar         0x08005529   Thumb Code    40  inv_mpu.o(i.inv_orientation_matrix_to_scalar)
    inv_row_2_scale                          0x08005551   Thumb Code    78  inv_mpu.o(i.inv_row_2_scale)
    jingdian1_2                              0x0800559f   Thumb Code    16  task.o(i.jingdian1_2)
    jingdian2_4                              0x080055b1   Thumb Code    26  task.o(i.jingdian2_4)
    jingdian3_7                              0x080055d1   Thumb Code   146  task.o(i.jingdian3_7)
    jingdian4_3                              0x08005671   Thumb Code    30  task.o(i.jingdian4_3)
    jingdian4_7                              0x08005691   Thumb Code    44  task.o(i.jingdian4_7)
    jingdian4_7_D3                           0x080056c1   Thumb Code   110  task.o(i.jingdian4_7_D3)
    jingdian7_8                              0x08005739   Thumb Code    12  task.o(i.jingdian7_8)
    left2line                                0x08005745   Thumb Code    18  pid.o(i.left2line)
    main                                     0x08005759   Thumb Code   240  main.o(i.main)
    mget_ms                                  0x0800584d   Thumb Code     2  inv_mpu.o(i.mget_ms)
    motor                                    0x08005851   Thumb Code    98  motor.o(i.motor)
    mountains1                               0x080058b9   Thumb Code   234  planc.o(i.mountains1)
    mountains_new                            0x080059c1   Thumb Code   258  planc.o(i.mountains_new)
    mpu_configure_fifo                       0x08005ae9   Thumb Code   106  inv_mpu.o(i.mpu_configure_fifo)
    mpu_dmp_get_data                         0x08005b59   Thumb Code   544  inv_mpu.o(i.mpu_dmp_get_data)
    mpu_dmp_init                             0x08005d7d   Thumb Code   154  inv_mpu.o(i.mpu_dmp_init)
    mpu_get_accel_fsr                        0x08005e1d   Thumb Code    72  inv_mpu.o(i.mpu_get_accel_fsr)
    mpu_get_accel_sens                       0x08005e69   Thumb Code    78  inv_mpu.o(i.mpu_get_accel_sens)
    mpu_get_fifo_config                      0x08005ebd   Thumb Code    12  inv_mpu.o(i.mpu_get_fifo_config)
    mpu_get_gyro_fsr                         0x08005ecd   Thumb Code    64  inv_mpu.o(i.mpu_get_gyro_fsr)
    mpu_get_gyro_sens                        0x08005f11   Thumb Code    58  inv_mpu.o(i.mpu_get_gyro_sens)
    mpu_get_lpf                              0x08005f61   Thumb Code    74  inv_mpu.o(i.mpu_get_lpf)
    mpu_get_sample_rate                      0x08005fb1   Thumb Code    26  inv_mpu.o(i.mpu_get_sample_rate)
    mpu_init                                 0x08005fd1   Thumb Code   416  inv_mpu.o(i.mpu_init)
    mpu_load_firmware                        0x080061c1   Thumb Code   180  inv_mpu.o(i.mpu_load_firmware)
    mpu_lp_accel_mode                        0x08006279   Thumb Code   218  inv_mpu.o(i.mpu_lp_accel_mode)
    mpu_read_fifo_stream                     0x08006359   Thumb Code   186  inv_mpu.o(i.mpu_read_fifo_stream)
    mpu_read_mem                             0x08006419   Thumb Code   122  inv_mpu.o(i.mpu_read_mem)
    mpu_reset_fifo                           0x08006499   Thumb Code   450  inv_mpu.o(i.mpu_reset_fifo)
    mpu_run_self_test                        0x08006661   Thumb Code   278  inv_mpu.o(i.mpu_run_self_test)
    mpu_set_accel_fsr                        0x0800677d   Thumb Code   126  inv_mpu.o(i.mpu_set_accel_fsr)
    mpu_set_bypass                           0x08006801   Thumb Code   328  inv_mpu.o(i.mpu_set_bypass)
    mpu_set_dmp_state                        0x0800694d   Thumb Code   138  inv_mpu.o(i.mpu_set_dmp_state)
    mpu_set_gyro_fsr                         0x080069dd   Thumb Code   132  inv_mpu.o(i.mpu_set_gyro_fsr)
    mpu_set_int_latched                      0x08006a65   Thumb Code   102  inv_mpu.o(i.mpu_set_int_latched)
    mpu_set_lpf                              0x08006ad1   Thumb Code   126  inv_mpu.o(i.mpu_set_lpf)
    mpu_set_sample_rate                      0x08006b55   Thumb Code   152  inv_mpu.o(i.mpu_set_sample_rate)
    mpu_set_sensors                          0x08006bf1   Thumb Code   202  inv_mpu.o(i.mpu_set_sensors)
    mpu_write_mem                            0x08006cc1   Thumb Code   122  inv_mpu.o(i.mpu_write_mem)
    node2_node3                              0x08006d41   Thumb Code    54  planc.o(i.node2_node3)
    node3_p4                                 0x08006d7d   Thumb Code    54  planc.o(i.node3_p4)
    node4_d3                                 0x08006dc1   Thumb Code   162  planc.o(i.node4_d3)
    node4_d4                                 0x08006e75   Thumb Code    74  planc.o(i.node4_d4)
    node4_p8                                 0x08006ed1   Thumb Code    12  planc.o(i.node4_p8)
    node5_p7                                 0x08006edd   Thumb Code    36  planc.o(i.node5_p7)
    origin                                   0x08006f09   Thumb Code   102  planc.o(i.origin)
    p7_node2                                 0x08006f89   Thumb Code   102  planc.o(i.p7_node2)
    platform3                                0x08006ff9   Thumb Code   170  task.o(i.platform3)
    platform7                                0x080070d1   Thumb Code   162  pid.o(i.platform7)
    platform8                                0x080071a5   Thumb Code   334  pid.o(i.platform8)
    platform_new                             0x08007335   Thumb Code   162  pid.o(i.platform_new)
    return1_D1                               0x08007401   Thumb Code   158  task.o(i.return1_D1)
    return1_D3                               0x080074b1   Thumb Code   202  task.o(i.return1_D3)
    return2_D4                               0x08007589   Thumb Code   160  task.o(i.return2_D4)
    right2line                               0x08007631   Thumb Code    18  pid.o(i.right2line)
    right_time                               0x08007645   Thumb Code    40  pid.o(i.right_time)
    right_turn1                              0x08007671   Thumb Code    40  planc.o(i.right_turn1)
    rt_node3_d4                              0x080076a1   Thumb Code    38  planc.o(i.rt_node3_d4)
    run_self_test                            0x080076d1   Thumb Code   148  inv_mpu.o(i.run_self_test)
    sqrt                                     0x080077f5   Thumb Code    76  sqrt.o(i.sqrt)
    stop                                     0x08007841   Thumb Code    42  pid.o(i.stop)
    turn_right                               0x08007875   Thumb Code   194  pid.o(i.turn_right)
    turn_until_line                          0x0800794d   Thumb Code    76  pid.o(i.turn_until_line)
    uart_init                                0x080079a5   Thumb Code   152  usart.o(i.uart_init)
    reg                                      0x08007a44   Data          27  inv_mpu.o(.constdata)
    hw                                       0x08007a60   Data          12  inv_mpu.o(.constdata)
    test                                     0x08007a6c   Data          40  inv_mpu.o(.constdata)
    __mathlib_zero                           0x08008778   Data           8  qnan.o(.constdata)
    Region$$Table$$Base                      0x080087d0   Number         0  anon$$obj.o(Region$$Table)
    Region$$Table$$Limit                     0x080087f0   Number         0  anon$$obj.o(Region$$Table)
    _ms                                      0x20000000   Data           4  main.o(.data)
    _second                                  0x20000004   Data           4  main.o(.data)
    _second8                                 0x20000008   Data           4  main.o(.data)
    Car_speed                                0x2000000c   Data           4  main.o(.data)
    ACC_Handler                              0x20000010   Data          16  main.o(.data)
    Door                                     0x20000020   Data           4  main.o(.data)
    pitch                                    0x20000024   Data           4  main.o(.data)
    roll                                     0x20000028   Data           4  main.o(.data)
    yaw                                      0x2000002c   Data           4  main.o(.data)
    quanshu                                  0x20000030   Data           1  main.o(.data)
    f1                                       0x20000034   Data           4  main.o(.data)
    f2                                       0x20000038   Data           4  main.o(.data)
    f3                                       0x2000003c   Data           4  main.o(.data)
    f4                                       0x20000040   Data           4  main.o(.data)
    SystemCoreClock                          0x20000044   Data           4  system_stm32f10x.o(.data)
    AHBPrescTable                            0x20000048   Data          16  system_stm32f10x.o(.data)
    __stdout                                 0x2000005c   Data           4  usart.o(.data)
    USART_RX_STA                             0x20000060   Data           2  usart.o(.data)
    error                                    0x20000078   Data           4  pid.o(.data)
    adjust                                   0x2000007c   Data           4  pid.o(.data)
    sum1                                     0x20000080   Data           4  pid.o(.data)
    left_pwm                                 0x20000084   Data           4  pid.o(.data)
    right_pwm                                0x20000088   Data           4  pid.o(.data)
    error1                                   0x2000008c   Data           4  pid.o(.data)
    G_L                                      0x20000090   Data           1  pid.o(.data)
    G_R                                      0x20000091   Data           1  pid.o(.data)
    flag                                     0x200000d0   Data          20  main.o(.bss)
    USART_RX_BUF                             0x200000e4   Data         200  usart.o(.bss)
    pid_f                                    0x200001ac   Data          32  pid.o(.bss)
    pid_b                                    0x200001cc   Data          32  pid.o(.bss)
    __initial_sp                             0x20000600   Data           0  startup_stm32f10x_hd.o(STACK)



==============================================================================

Memory Map of the image

  Image Entry point : 0x08000145

  Load Region LR_1 (Base: 0x08000000, Size: 0x000088c0, Max: 0xffffffff, ABSOLUTE)

    Execution Region ER_RO (Exec base: 0x08000000, Load base: 0x08000000, Size: 0x000087f0, Max: 0xffffffff, ABSOLUTE)

    Exec Addr    Load Addr    Size         Type   Attr      Idx    E Section Name        Object

    0x08000000   0x08000000   0x00000130   Data   RO          392    RESET               startup_stm32f10x_hd.o
    0x08000130   0x08000130   0x00000000   Code   RO         4785  * .ARM.Collect$$$$00000000  mc_w.l(entry.o)
    0x08000130   0x08000130   0x00000004   Code   RO         5126    .ARM.Collect$$$$00000001  mc_w.l(entry2.o)
    0x08000134   0x08000134   0x00000004   Code   RO         5129    .ARM.Collect$$$$00000004  mc_w.l(entry5.o)
    0x08000138   0x08000138   0x00000000   Code   RO         5131    .ARM.Collect$$$$00000008  mc_w.l(entry7b.o)
    0x08000138   0x08000138   0x00000000   Code   RO         5133    .ARM.Collect$$$$0000000A  mc_w.l(entry8b.o)
    0x08000138   0x08000138   0x00000008   Code   RO         5134    .ARM.Collect$$$$0000000B  mc_w.l(entry9a.o)
    0x08000140   0x08000140   0x00000000   Code   RO         5136    .ARM.Collect$$$$0000000D  mc_w.l(entry10a.o)
    0x08000140   0x08000140   0x00000000   Code   RO         5138    .ARM.Collect$$$$0000000F  mc_w.l(entry11a.o)
    0x08000140   0x08000140   0x00000004   Code   RO         5127    .ARM.Collect$$$$00002712  mc_w.l(entry2.o)
    0x08000144   0x08000144   0x00000024   Code   RO          393  * .text               startup_stm32f10x_hd.o
    0x08000168   0x08000168   0x00000062   Code   RO         4788    .text               mc_w.l(ldiv.o)
    0x080001ca   0x080001ca   0x00000024   Code   RO         4790    .text               mc_w.l(memseta.o)
    0x080001ee   0x080001ee   0x0000001a   Code   RO         4792    .text               mc_w.l(memcmp.o)
    0x08000208   0x08000208   0x000000b0   Code   RO         5055    .text               mf_w.l(fadd.o)
    0x080002b8   0x080002b8   0x00000064   Code   RO         5057    .text               mf_w.l(fmul.o)
    0x0800031c   0x0800031c   0x0000007c   Code   RO         5059    .text               mf_w.l(fdiv.o)
    0x08000398   0x08000398   0x0000014e   Code   RO         5061    .text               mf_w.l(dadd.o)
    0x080004e6   0x080004e6   0x000000e4   Code   RO         5063    .text               mf_w.l(dmul.o)
    0x080005ca   0x080005ca   0x000000de   Code   RO         5065    .text               mf_w.l(ddiv.o)
    0x080006a8   0x080006a8   0x00000012   Code   RO         5067    .text               mf_w.l(fflti.o)
    0x080006ba   0x080006ba   0x0000000a   Code   RO         5069    .text               mf_w.l(ffltui.o)
    0x080006c4   0x080006c4   0x00000022   Code   RO         5071    .text               mf_w.l(dflti.o)
    0x080006e6   0x080006e6   0x00000032   Code   RO         5073    .text               mf_w.l(ffixi.o)
    0x08000718   0x08000718   0x00000028   Code   RO         5075    .text               mf_w.l(ffixui.o)
    0x08000740   0x08000740   0x00000026   Code   RO         5077    .text               mf_w.l(f2d.o)
    0x08000766   0x08000766   0x00000002   PAD
    0x08000768   0x08000768   0x00000030   Code   RO         5079    .text               mf_w.l(cdcmple.o)
    0x08000798   0x08000798   0x00000030   Code   RO         5081    .text               mf_w.l(cdrcmple.o)
    0x080007c8   0x080007c8   0x00000038   Code   RO         5083    .text               mf_w.l(d2f.o)
    0x08000800   0x08000800   0x00000014   Code   RO         5085    .text               mf_w.l(cfcmple.o)
    0x08000814   0x08000814   0x00000014   Code   RO         5087    .text               mf_w.l(cfrcmple.o)
    0x08000828   0x08000828   0x00000062   Code   RO         5142    .text               mc_w.l(uldiv.o)
    0x0800088a   0x0800088a   0x0000001e   Code   RO         5144    .text               mc_w.l(llshl.o)
    0x080008a8   0x080008a8   0x00000024   Code   RO         5146    .text               mc_w.l(llsshr.o)
    0x080008cc   0x080008cc   0x00000000   Code   RO         5155    .text               mc_w.l(iusefp.o)
    0x080008cc   0x080008cc   0x0000006e   Code   RO         5156    .text               mf_w.l(fepilogue.o)
    0x0800093a   0x0800093a   0x000000ba   Code   RO         5158    .text               mf_w.l(depilogue.o)
    0x080009f4   0x080009f4   0x0000002e   Code   RO         5160    .text               mf_w.l(dscalb.o)
    0x08000a22   0x08000a22   0x00000002   PAD
    0x08000a24   0x08000a24   0x00000024   Code   RO         5164    .text               mc_w.l(init.o)
    0x08000a48   0x08000a48   0x00000020   Code   RO         5166    .text               mc_w.l(llushr.o)
    0x08000a68   0x08000a68   0x000000a2   Code   RO         5168    .text               mf_w.l(dsqrt.o)
    0x08000b0a   0x08000b0a   0x00000004   Code   RO          161    i.BusFault_Handler  stm32f10x_it.o
    0x08000b0e   0x08000b0e   0x00000002   Code   RO          162    i.DebugMon_Handler  stm32f10x_it.o
    0x08000b10   0x08000b10   0x00000120   Code   RO         3582    i.Door_Judege       pid.o
    0x08000c30   0x08000c30   0x0000003a   Code   RO         3522    i.EXTI15_10_IRQHandler  exti.o
    0x08000c6a   0x08000c6a   0x00000038   Code   RO         3523    i.EXTI9_5_IRQHandler  exti.o
    0x08000ca2   0x08000ca2   0x000000aa   Code   RO         3524    i.EXTIX_Init        exti.o
    0x08000d4c   0x08000d4c   0x0000000c   Code   RO         1195    i.EXTI_ClearITPendingBit  stm32f10x_exti.o
    0x08000d58   0x08000d58   0x00000028   Code   RO         1199    i.EXTI_GetITStatus  stm32f10x_exti.o
    0x08000d80   0x08000d80   0x00000094   Code   RO         1200    i.EXTI_Init         stm32f10x_exti.o
    0x08000e14   0x08000e14   0x0000004c   Code   RO         3552    i.Eig_Hui_Init      sensor.o
    0x08000e60   0x08000e60   0x0000002c   Code   RO         3553    i.GD_Sensor_Init    sensor.o
    0x08000e8c   0x08000e8c   0x00000040   Code   RO         1545    i.GPIO_EXTILineConfig  stm32f10x_gpio.o
    0x08000ecc   0x08000ecc   0x00000116   Code   RO         1548    i.GPIO_Init         stm32f10x_gpio.o
    0x08000fe2   0x08000fe2   0x00000002   PAD
    0x08000fe4   0x08000fe4   0x00000090   Code   RO         1550    i.GPIO_PinRemapConfig  stm32f10x_gpio.o
    0x08001074   0x08001074   0x00000012   Code   RO         1552    i.GPIO_ReadInputDataBit  stm32f10x_gpio.o
    0x08001086   0x08001086   0x00000004   Code   RO         1555    i.GPIO_ResetBits    stm32f10x_gpio.o
    0x0800108a   0x0800108a   0x00000004   Code   RO         1556    i.GPIO_SetBits      stm32f10x_gpio.o
    0x0800108e   0x0800108e   0x00000004   Code   RO          163    i.HardFault_Handler  stm32f10x_it.o
    0x08001092   0x08001092   0x00000002   PAD
    0x08001094   0x08001094   0x00000498   Code   RO         3583    i.Hui_Error_return  pid.o
    0x0800152c   0x0800152c   0x00000028   Code   RO         3525    i.KEY_Init          exti.o
    0x08001554   0x08001554   0x0000001c   Code   RO         3412    i.LED_ALL_OFF       led.o
    0x08001570   0x08001570   0x0000001c   Code   RO         3413    i.LED_ALL_ON        led.o
    0x0800158c   0x0800158c   0x00000044   Code   RO         3414    i.LED_Init          led.o
    0x080015d0   0x080015d0   0x0000002e   Code   RO         3364    i.Limit_PWM         motor.o
    0x080015fe   0x080015fe   0x00000002   PAD
    0x08001600   0x08001600   0x00000064   Code   RO         3365    i.MOTOR_GPIO_Init   motor.o
    0x08001664   0x08001664   0x0000004c   Code   RO         4193    i.MPU_IIC_Ack       mpuiic.o
    0x080016b0   0x080016b0   0x0000000a   Code   RO         4194    i.MPU_IIC_Delay     mpuiic.o
    0x080016ba   0x080016ba   0x00000002   PAD
    0x080016bc   0x080016bc   0x00000038   Code   RO         4195    i.MPU_IIC_Init      mpuiic.o
    0x080016f4   0x080016f4   0x0000004c   Code   RO         4196    i.MPU_IIC_NAck      mpuiic.o
    0x08001740   0x08001740   0x0000006c   Code   RO         4197    i.MPU_IIC_Read_Byte  mpuiic.o
    0x080017ac   0x080017ac   0x0000005c   Code   RO         4198    i.MPU_IIC_Send_Byte  mpuiic.o
    0x08001808   0x08001808   0x00000048   Code   RO         4199    i.MPU_IIC_Start     mpuiic.o
    0x08001850   0x08001850   0x00000048   Code   RO         4200    i.MPU_IIC_Stop      mpuiic.o
    0x08001898   0x08001898   0x00000064   Code   RO         4201    i.MPU_IIC_Wait_Ack  mpuiic.o
    0x080018fc   0x080018fc   0x0000007a   Code   RO         4118    i.MPU_Init          mpu6050.o
    0x08001976   0x08001976   0x0000003a   Code   RO         4119    i.MPU_Read_Byte     mpu6050.o
    0x080019b0   0x080019b0   0x00000074   Code   RO         4120    i.MPU_Read_Len      mpu6050.o
    0x08001a24   0x08001a24   0x00000010   Code   RO         4121    i.MPU_Set_Accel_Fsr  mpu6050.o
    0x08001a34   0x08001a34   0x00000010   Code   RO         4122    i.MPU_Set_Gyro_Fsr  mpu6050.o
    0x08001a44   0x08001a44   0x0000003a   Code   RO         4123    i.MPU_Set_LPF       mpu6050.o
    0x08001a7e   0x08001a7e   0x0000003a   Code   RO         4124    i.MPU_Set_Rate      mpu6050.o
    0x08001ab8   0x08001ab8   0x00000044   Code   RO         4125    i.MPU_Write_Byte    mpu6050.o
    0x08001afc   0x08001afc   0x00000060   Code   RO         4126    i.MPU_Write_Len     mpu6050.o
    0x08001b5c   0x08001b5c   0x00000004   Code   RO          164    i.MemManage_Handler  stm32f10x_it.o
    0x08001b60   0x08001b60   0x00000002   Code   RO          165    i.NMI_Handler       stm32f10x_it.o
    0x08001b62   0x08001b62   0x00000002   PAD
    0x08001b64   0x08001b64   0x00000070   Code   RO          397    i.NVIC_Init         misc.o
    0x08001bd4   0x08001bd4   0x00000014   Code   RO          398    i.NVIC_PriorityGroupConfig  misc.o
    0x08001be8   0x08001be8   0x00000002   Code   RO          166    i.PendSV_Handler    stm32f10x_it.o
    0x08001bea   0x08001bea   0x00000002   PAD
    0x08001bec   0x08001bec   0x00000020   Code   RO         1964    i.RCC_APB1PeriphClockCmd  stm32f10x_rcc.o
    0x08001c0c   0x08001c0c   0x00000020   Code   RO         1965    i.RCC_APB1PeriphResetCmd  stm32f10x_rcc.o
    0x08001c2c   0x08001c2c   0x00000020   Code   RO         1966    i.RCC_APB2PeriphClockCmd  stm32f10x_rcc.o
    0x08001c4c   0x08001c4c   0x00000020   Code   RO         1967    i.RCC_APB2PeriphResetCmd  stm32f10x_rcc.o
    0x08001c6c   0x08001c6c   0x000000d4   Code   RO         1974    i.RCC_GetClocksFreq  stm32f10x_rcc.o
    0x08001d40   0x08001d40   0x000000e0   Code   RO         3584    i.Read_Digital_Data  pid.o
    0x08001e20   0x08001e20   0x00000064   Code   RO         3585    i.Read_GD_L_Data    pid.o
    0x08001e84   0x08001e84   0x00000064   Code   RO         3586    i.Read_GD_R_Data    pid.o
    0x08001ee8   0x08001ee8   0x0000002c   Code   RO         3554    i.SB_Sensor_Init    sensor.o
    0x08001f14   0x08001f14   0x00000002   Code   RO          167    i.SVC_Handler       stm32f10x_it.o
    0x08001f16   0x08001f16   0x00000010   Code   RO         3555    i.Sensors_GPIO_Init  sensor.o
    0x08001f26   0x08001f26   0x00000008   Code   RO          250    i.SetSysClock       system_stm32f10x.o
    0x08001f2e   0x08001f2e   0x00000002   PAD
    0x08001f30   0x08001f30   0x000000e0   Code   RO          251    i.SetSysClockTo72   system_stm32f10x.o
    0x08002010   0x08002010   0x00000028   Code   RO          401    i.SysTick_CLKSourceConfig  misc.o
    0x08002038   0x08002038   0x00000002   Code   RO          168    i.SysTick_Handler   stm32f10x_it.o
    0x0800203a   0x0800203a   0x00000002   PAD
    0x0800203c   0x0800203c   0x00000060   Code   RO          253    i.SystemInit        system_stm32f10x.o
    0x0800209c   0x0800209c   0x0000005c   Code   RO         3445    i.TIM1_Init         tim.o
    0x080020f8   0x080020f8   0x00000014   Code   RO         3446    i.TIM1_OFF          tim.o
    0x0800210c   0x0800210c   0x00000018   Code   RO         3447    i.TIM1_ON           tim.o
    0x08002124   0x08002124   0x00000090   Code   RO         3448    i.TIM1_UP_IRQHandler  tim.o
    0x080021b4   0x080021b4   0x00000094   Code   RO         3366    i.TIM3_PWM_Init     motor.o
    0x08002248   0x08002248   0x00000060   Code   RO         3449    i.TIM8_Init         tim.o
    0x080022a8   0x080022a8   0x00000014   Code   RO         3450    i.TIM8_OFF          tim.o
    0x080022bc   0x080022bc   0x0000000c   Code   RO         3451    i.TIM8_ON           tim.o
    0x080022c8   0x080022c8   0x00000064   Code   RO         3452    i.TIM8_UP_IRQHandler  tim.o
    0x0800232c   0x0800232c   0x00000018   Code   RO         2586    i.TIM_ARRPreloadConfig  stm32f10x_tim.o
    0x08002344   0x08002344   0x00000006   Code   RO         2593    i.TIM_ClearITPendingBit  stm32f10x_tim.o
    0x0800234a   0x0800234a   0x00000018   Code   RO         2598    i.TIM_Cmd           stm32f10x_tim.o
    0x08002362   0x08002362   0x00000012   Code   RO         2618    i.TIM_GetFlagStatus  stm32f10x_tim.o
    0x08002374   0x08002374   0x00000012   Code   RO         2623    i.TIM_ITConfig      stm32f10x_tim.o
    0x08002386   0x08002386   0x00000002   PAD
    0x08002388   0x08002388   0x00000098   Code   RO         2627    i.TIM_OC1Init       stm32f10x_tim.o
    0x08002420   0x08002420   0x00000012   Code   RO         2630    i.TIM_OC1PreloadConfig  stm32f10x_tim.o
    0x08002432   0x08002432   0x00000002   PAD
    0x08002434   0x08002434   0x000000a4   Code   RO         2632    i.TIM_OC2Init       stm32f10x_tim.o
    0x080024d8   0x080024d8   0x0000001a   Code   RO         2635    i.TIM_OC2PreloadConfig  stm32f10x_tim.o
    0x080024f2   0x080024f2   0x00000002   PAD
    0x080024f4   0x080024f4   0x000000a0   Code   RO         2637    i.TIM_OC3Init       stm32f10x_tim.o
    0x08002594   0x08002594   0x00000012   Code   RO         2640    i.TIM_OC3PreloadConfig  stm32f10x_tim.o
    0x080025a6   0x080025a6   0x00000002   PAD
    0x080025a8   0x080025a8   0x0000007c   Code   RO         2642    i.TIM_OC4Init       stm32f10x_tim.o
    0x08002624   0x08002624   0x0000001a   Code   RO         2644    i.TIM_OC4PreloadConfig  stm32f10x_tim.o
    0x0800263e   0x0800263e   0x00000002   PAD
    0x08002640   0x08002640   0x000000a4   Code   RO         2669    i.TIM_TimeBaseInit  stm32f10x_tim.o
    0x080026e4   0x080026e4   0x00000088   Code   RO          339    i.USART1_IRQHandler  usart.o
    0x0800276c   0x0800276c   0x0000001c   Code   RO         3394    i.USART3_IRQHandler  usart3.o
    0x08002788   0x08002788   0x000000b8   Code   RO         3395    i.USART3_Init       usart3.o
    0x08002840   0x08002840   0x00000012   Code   RO         3130    i.USART_ClearFlag   stm32f10x_usart.o
    0x08002852   0x08002852   0x00000018   Code   RO         3134    i.USART_Cmd         stm32f10x_usart.o
    0x0800286a   0x0800286a   0x00000002   PAD
    0x0800286c   0x0800286c   0x0000009c   Code   RO         3136    i.USART_DeInit      stm32f10x_usart.o
    0x08002908   0x08002908   0x00000054   Code   RO         3138    i.USART_GetITStatus  stm32f10x_usart.o
    0x0800295c   0x0800295c   0x0000004a   Code   RO         3140    i.USART_ITConfig    stm32f10x_usart.o
    0x080029a6   0x080029a6   0x00000002   PAD
    0x080029a8   0x080029a8   0x000000d8   Code   RO         3141    i.USART_Init        stm32f10x_usart.o
    0x08002a80   0x08002a80   0x0000000a   Code   RO         3148    i.USART_ReceiveData  stm32f10x_usart.o
    0x08002a8a   0x08002a8a   0x00000004   Code   RO          169    i.UsageFault_Handler  stm32f10x_it.o
    0x08002a8e   0x08002a8e   0x00000002   PAD
    0x08002a90   0x08002a90   0x00000020   Code   RO         5001    i.__0printf$8       mc_w.l(printf8.o)
    0x08002ab0   0x08002ab0   0x00000028   Code   RO         5113    i.__ARM_fpclassify  m_ws.l(fpclassify.o)
    0x08002ad8   0x08002ad8   0x000000aa   Code   RO         5115    i.__kernel_poly     m_ws.l(poly.o)
    0x08002b82   0x08002b82   0x00000006   Code   RO         5100    i.__mathlib_dbl_infnan  m_ws.l(dunder.o)
    0x08002b88   0x08002b88   0x00000004   Code   RO         5101    i.__mathlib_dbl_infnan2  m_ws.l(dunder.o)
    0x08002b8c   0x08002b8c   0x0000000c   Code   RO         5102    i.__mathlib_dbl_invalid  m_ws.l(dunder.o)
    0x08002b98   0x08002b98   0x00000010   Code   RO         5105    i.__mathlib_dbl_underflow  m_ws.l(dunder.o)
    0x08002ba8   0x08002ba8   0x0000000e   Code   RO         5172    i.__scatterload_copy  mc_w.l(handlers.o)
    0x08002bb6   0x08002bb6   0x00000002   Code   RO         5173    i.__scatterload_null  mc_w.l(handlers.o)
    0x08002bb8   0x08002bb8   0x0000000e   Code   RO         5174    i.__scatterload_zeroinit  mc_w.l(handlers.o)
    0x08002bc6   0x08002bc6   0x00000002   PAD
    0x08002bc8   0x08002bc8   0x0000000c   Code   RO         5150    i.__set_errno       mc_w.l(errno.o)
    0x08002bd4   0x08002bd4   0x00000410   Code   RO         5008    i._printf_core      mc_w.l(printf8.o)
    0x08002fe4   0x08002fe4   0x00000024   Code   RO         5009    i._printf_post_padding  mc_w.l(printf8.o)
    0x08003008   0x08003008   0x0000002e   Code   RO         5010    i._printf_pre_padding  mc_w.l(printf8.o)
    0x08003036   0x08003036   0x00000002   PAD
    0x08003038   0x08003038   0x000000a8   Code   RO         4253    i.accel_self_test   inv_mpu.o
    0x080030e0   0x080030e0   0x00000270   Code   RO         4768    i.asin              m_ws.l(asin.o)
    0x08003350   0x08003350   0x00000220   Code   RO         5090    i.atan              m_ws.l(atan.o)
    0x08003570   0x08003570   0x00000180   Code   RO         4778    i.atan2             m_ws.l(atan2.o)
    0x080036f0   0x080036f0   0x00000098   Code   RO         3918    i.bevel_1_3         planc.o
    0x08003788   0x08003788   0x000000b0   Code   RO         3922    i.bevel_2_4         planc.o
    0x08003838   0x08003838   0x000000b4   Code   RO         3925    i.bevel_4_1         planc.o
    0x080038ec   0x080038ec   0x00000040   Code   RO         3415    i.blink             led.o
    0x0800392c   0x0800392c   0x00000090   Code   RO         3930    i.bumps_2           planc.o
    0x080039bc   0x080039bc   0x000000ac   Code   RO         3931    i.bumps_3           planc.o
    0x08003a68   0x08003a68   0x00000014   Code   RO         3588    i.dash              pid.o
    0x08003a7c   0x08003a7c   0x00000014   Code   RO         3590    i.dash_dp           pid.o
    0x08003a90   0x08003a90   0x00000014   Code   RO         3591    i.dash_op           pid.o
    0x08003aa4   0x08003aa4   0x00000064   Code   RO         4581    i.decode_gesture    inv_mpu_dmp_motion_driver.o
    0x08003b08   0x08003b08   0x00000044   Code   RO          284    i.delay_init        delay.o
    0x08003b4c   0x08003b4c   0x0000004c   Code   RO          285    i.delay_ms          delay.o
    0x08003b98   0x08003b98   0x0000004c   Code   RO          286    i.delay_us          delay.o
    0x08003be4   0x08003be4   0x0000003c   Code   RO         4582    i.dmp_enable_6x_lp_quat  inv_mpu_dmp_motion_driver.o
    0x08003c20   0x08003c20   0x0000021c   Code   RO         4583    i.dmp_enable_feature  inv_mpu_dmp_motion_driver.o
    0x08003e3c   0x08003e3c   0x00000058   Code   RO         4584    i.dmp_enable_gyro_cal  inv_mpu_dmp_motion_driver.o
    0x08003e94   0x08003e94   0x0000003c   Code   RO         4585    i.dmp_enable_lp_quat  inv_mpu_dmp_motion_driver.o
    0x08003ed0   0x08003ed0   0x00000018   Code   RO         4590    i.dmp_load_motion_driver_firmware  inv_mpu_dmp_motion_driver.o
    0x08003ee8   0x08003ee8   0x000001cc   Code   RO         4591    i.dmp_read_fifo     inv_mpu_dmp_motion_driver.o
    0x080040b4   0x080040b4   0x00000130   Code   RO         4594    i.dmp_set_accel_bias  inv_mpu_dmp_motion_driver.o
    0x080041e4   0x080041e4   0x00000070   Code   RO         4595    i.dmp_set_fifo_rate  inv_mpu_dmp_motion_driver.o
    0x08004254   0x08004254   0x00000130   Code   RO         4596    i.dmp_set_gyro_bias  inv_mpu_dmp_motion_driver.o
    0x08004384   0x08004384   0x00000138   Code   RO         4598    i.dmp_set_orientation  inv_mpu_dmp_motion_driver.o
    0x080044bc   0x080044bc   0x00000038   Code   RO         4601    i.dmp_set_shake_reject_thresh  inv_mpu_dmp_motion_driver.o
    0x080044f4   0x080044f4   0x00000026   Code   RO         4602    i.dmp_set_shake_reject_time  inv_mpu_dmp_motion_driver.o
    0x0800451a   0x0800451a   0x00000026   Code   RO         4603    i.dmp_set_shake_reject_timeout  inv_mpu_dmp_motion_driver.o
    0x08004540   0x08004540   0x00000046   Code   RO         4604    i.dmp_set_tap_axes  inv_mpu_dmp_motion_driver.o
    0x08004586   0x08004586   0x00000026   Code   RO         4605    i.dmp_set_tap_count  inv_mpu_dmp_motion_driver.o
    0x080045ac   0x080045ac   0x000001a0   Code   RO         4606    i.dmp_set_tap_thresh  inv_mpu_dmp_motion_driver.o
    0x0800474c   0x0800474c   0x00000026   Code   RO         4607    i.dmp_set_tap_time  inv_mpu_dmp_motion_driver.o
    0x08004772   0x08004772   0x00000026   Code   RO         4608    i.dmp_set_tap_time_multi  inv_mpu_dmp_motion_driver.o
    0x08004798   0x08004798   0x00000040   Code   RO         3592    i.down_platform     pid.o
    0x080047d8   0x080047d8   0x00000054   Code   RO         3593    i.down_platform8    pid.o
    0x0800482c   0x0800482c   0x00000088   Code   RO         3595    i.forward_mid       pid.o
    0x080048b4   0x080048b4   0x000000a8   Code   RO         3596    i.forward_mid_light  pid.o
    0x0800495c   0x0800495c   0x00000098   Code   RO         3597    i.forward_mid_light_L  pid.o
    0x080049f4   0x080049f4   0x00000098   Code   RO         3598    i.forward_mid_light_R  pid.o
    0x08004a8c   0x08004a8c   0x0000001c   Code   RO          341    i.fputc             usart.o
    0x08004aa8   0x08004aa8   0x000000b4   Code   RO         4254    i.get_accel_prod_shift  inv_mpu.o
    0x08004b5c   0x08004b5c   0x00000470   Code   RO         4255    i.get_st_biases     inv_mpu.o
    0x08004fcc   0x08004fcc   0x00000194   Code   RO         3599    i.go_adjust         pid.o
    0x08005160   0x08005160   0x000000a8   Code   RO         3932    i.go_bridge_new     planc.o
    0x08005208   0x08005208   0x0000002c   Code   RO         3601    i.go_closed         pid.o
    0x08005234   0x08005234   0x00000030   Code   RO         3602    i.go_door           pid.o
    0x08005264   0x08005264   0x00000188   Code   RO         3603    i.go_forward        pid.o
    0x080053ec   0x080053ec   0x0000002c   Code   RO         3604    i.go_open           pid.o
    0x08005418   0x08005418   0x00000110   Code   RO         4256    i.gyro_self_test    inv_mpu.o
    0x08005528   0x08005528   0x00000028   Code   RO         4257    i.inv_orientation_matrix_to_scalar  inv_mpu.o
    0x08005550   0x08005550   0x0000004e   Code   RO         4258    i.inv_row_2_scale   inv_mpu.o
    0x0800559e   0x0800559e   0x00000010   Code   RO         3810    i.jingdian1_2       task.o
    0x080055ae   0x080055ae   0x00000002   PAD
    0x080055b0   0x080055b0   0x00000020   Code   RO         3812    i.jingdian2_4       task.o
    0x080055d0   0x080055d0   0x000000a0   Code   RO         3814    i.jingdian3_7       task.o
    0x08005670   0x08005670   0x0000001e   Code   RO         3815    i.jingdian4_3       task.o
    0x0800568e   0x0800568e   0x00000002   PAD
    0x08005690   0x08005690   0x00000030   Code   RO         3817    i.jingdian4_7       task.o
    0x080056c0   0x080056c0   0x00000078   Code   RO         3818    i.jingdian4_7_D3    task.o
    0x08005738   0x08005738   0x0000000c   Code   RO         3820    i.jingdian7_8       task.o
    0x08005744   0x08005744   0x00000012   Code   RO         3605    i.left2line         pid.o
    0x08005756   0x08005756   0x00000002   PAD
    0x08005758   0x08005758   0x000000f4   Code   RO            1    i.main              main.o
    0x0800584c   0x0800584c   0x00000002   Code   RO         4259    i.mget_ms           inv_mpu.o
    0x0800584e   0x0800584e   0x00000002   PAD
    0x08005850   0x08005850   0x00000068   Code   RO         3367    i.motor             motor.o
    0x080058b8   0x080058b8   0x00000108   Code   RO         3934    i.mountains1        planc.o
    0x080059c0   0x080059c0   0x00000128   Code   RO         3935    i.mountains_new     planc.o
    0x08005ae8   0x08005ae8   0x00000070   Code   RO         4260    i.mpu_configure_fifo  inv_mpu.o
    0x08005b58   0x08005b58   0x00000224   Code   RO         4261    i.mpu_dmp_get_data  inv_mpu.o
    0x08005d7c   0x08005d7c   0x000000a0   Code   RO         4262    i.mpu_dmp_init      inv_mpu.o
    0x08005e1c   0x08005e1c   0x0000004c   Code   RO         4263    i.mpu_get_accel_fsr  inv_mpu.o
    0x08005e68   0x08005e68   0x00000054   Code   RO         4265    i.mpu_get_accel_sens  inv_mpu.o
    0x08005ebc   0x08005ebc   0x00000010   Code   RO         4270    i.mpu_get_fifo_config  inv_mpu.o
    0x08005ecc   0x08005ecc   0x00000044   Code   RO         4271    i.mpu_get_gyro_fsr  inv_mpu.o
    0x08005f10   0x08005f10   0x00000050   Code   RO         4273    i.mpu_get_gyro_sens  inv_mpu.o
    0x08005f60   0x08005f60   0x00000050   Code   RO         4275    i.mpu_get_lpf       inv_mpu.o
    0x08005fb0   0x08005fb0   0x00000020   Code   RO         4277    i.mpu_get_sample_rate  inv_mpu.o
    0x08005fd0   0x08005fd0   0x000001f0   Code   RO         4279    i.mpu_init          inv_mpu.o
    0x080061c0   0x080061c0   0x000000b8   Code   RO         4280    i.mpu_load_firmware  inv_mpu.o
    0x08006278   0x08006278   0x000000e0   Code   RO         4281    i.mpu_lp_accel_mode  inv_mpu.o
    0x08006358   0x08006358   0x000000c0   Code   RO         4284    i.mpu_read_fifo_stream  inv_mpu.o
    0x08006418   0x08006418   0x00000080   Code   RO         4285    i.mpu_read_mem      inv_mpu.o
    0x08006498   0x08006498   0x000001c8   Code   RO         4288    i.mpu_reset_fifo    inv_mpu.o
    0x08006660   0x08006660   0x0000011c   Code   RO         4289    i.mpu_run_self_test  inv_mpu.o
    0x0800677c   0x0800677c   0x00000084   Code   RO         4291    i.mpu_set_accel_fsr  inv_mpu.o
    0x08006800   0x08006800   0x0000014c   Code   RO         4292    i.mpu_set_bypass    inv_mpu.o
    0x0800694c   0x0800694c   0x00000090   Code   RO         4294    i.mpu_set_dmp_state  inv_mpu.o
    0x080069dc   0x080069dc   0x00000088   Code   RO         4295    i.mpu_set_gyro_fsr  inv_mpu.o
    0x08006a64   0x08006a64   0x0000006c   Code   RO         4296    i.mpu_set_int_latched  inv_mpu.o
    0x08006ad0   0x08006ad0   0x00000084   Code   RO         4298    i.mpu_set_lpf       inv_mpu.o
    0x08006b54   0x08006b54   0x0000009c   Code   RO         4299    i.mpu_set_sample_rate  inv_mpu.o
    0x08006bf0   0x08006bf0   0x000000d0   Code   RO         4300    i.mpu_set_sensors   inv_mpu.o
    0x08006cc0   0x08006cc0   0x00000080   Code   RO         4301    i.mpu_write_mem     inv_mpu.o
    0x08006d40   0x08006d40   0x0000003c   Code   RO         3936    i.node2_node3       planc.o
    0x08006d7c   0x08006d7c   0x00000044   Code   RO         3937    i.node3_p4          planc.o
    0x08006dc0   0x08006dc0   0x000000b4   Code   RO         3938    i.node4_d3          planc.o
    0x08006e74   0x08006e74   0x0000005c   Code   RO         3939    i.node4_d4          planc.o
    0x08006ed0   0x08006ed0   0x0000000c   Code   RO         3940    i.node4_p8          planc.o
    0x08006edc   0x08006edc   0x0000002c   Code   RO         3941    i.node5_p7          planc.o
    0x08006f08   0x08006f08   0x00000080   Code   RO         3942    i.origin            planc.o
    0x08006f88   0x08006f88   0x00000070   Code   RO         3943    i.p7_node2          planc.o
    0x08006ff8   0x08006ff8   0x000000d8   Code   RO         3821    i.platform3         task.o
    0x080070d0   0x080070d0   0x000000d4   Code   RO         3608    i.platform7         pid.o
    0x080071a4   0x080071a4   0x00000190   Code   RO         3609    i.platform8         pid.o
    0x08007334   0x08007334   0x000000cc   Code   RO         3610    i.platform_new      pid.o
    0x08007400   0x08007400   0x000000b0   Code   RO         3822    i.return1_D1        task.o
    0x080074b0   0x080074b0   0x000000d8   Code   RO         3823    i.return1_D3        task.o
    0x08007588   0x08007588   0x000000a8   Code   RO         3825    i.return2_D4        task.o
    0x08007630   0x08007630   0x00000012   Code   RO         3611    i.right2line        pid.o
    0x08007642   0x08007642   0x00000002   PAD
    0x08007644   0x08007644   0x0000002c   Code   RO         3612    i.right_time        pid.o
    0x08007670   0x08007670   0x00000030   Code   RO         3945    i.right_turn1       planc.o
    0x080076a0   0x080076a0   0x00000030   Code   RO         3946    i.rt_node3_d4       planc.o
    0x080076d0   0x080076d0   0x00000094   Code   RO         4302    i.run_self_test     inv_mpu.o
    0x08007764   0x08007764   0x00000090   Code   RO         4303    i.set_int_enable    inv_mpu.o
    0x080077f4   0x080077f4   0x0000004c   Code   RO         5119    i.sqrt              m_ws.l(sqrt.o)
    0x08007840   0x08007840   0x00000034   Code   RO         3613    i.stop              pid.o
    0x08007874   0x08007874   0x000000d8   Code   RO         3615    i.turn_right        pid.o
    0x0800794c   0x0800794c   0x00000058   Code   RO         3616    i.turn_until_line   pid.o
    0x080079a4   0x080079a4   0x000000a0   Code   RO          342    i.uart_init         usart.o
    0x08007a44   0x08007a44   0x00000050   Data   RO         4305    .constdata          inv_mpu.o
    0x08007a94   0x08007a94   0x00000bf6   Data   RO         4610    .constdata          inv_mpu_dmp_motion_driver.o
    0x0800868a   0x0800868a   0x00000006   PAD
    0x08008690   0x08008690   0x00000050   Data   RO         4769    .constdata          m_ws.l(asin.o)
    0x080086e0   0x080086e0   0x00000098   Data   RO         5091    .constdata          m_ws.l(atan.o)
    0x08008778   0x08008778   0x00000008   Data   RO         5117    .constdata          m_ws.l(qnan.o)
    0x08008780   0x08008780   0x0000004d   Data   RO         4306    .conststring        inv_mpu.o
    0x080087cd   0x080087cd   0x00000003   PAD
    0x080087d0   0x080087d0   0x00000020   Data   RO         5170    Region$$Table       anon$$obj.o


    Execution Region ER_RW (Exec base: 0x20000000, Load base: 0x080087f0, Size: 0x000000d0, Max: 0xffffffff, ABSOLUTE)

    Exec Addr    Load Addr    Size         Type   Attr      Idx    E Section Name        Object

    0x20000000   0x080087f0   0x00000044   Data   RW            3    .data               main.o
    0x20000044   0x08008834   0x00000014   Data   RW          254    .data               system_stm32f10x.o
    0x20000058   0x08008848   0x00000004   Data   RW          287    .data               delay.o
    0x2000005c   0x0800884c   0x00000006   Data   RW          344    .data               usart.o
    0x20000062   0x08008852   0x00000014   Data   RW         1994    .data               stm32f10x_rcc.o
    0x20000076   0x08008866   0x00000002   PAD
    0x20000078   0x08008868   0x0000001a   Data   RW         3618    .data               pid.o
    0x20000092   0x08008882   0x00000002   PAD
    0x20000094   0x08008884   0x00000035   Data   RW         4307    .data               inv_mpu.o
    0x200000c9   0x080088b9   0x00000003   PAD
    0x200000cc   0x080088bc   0x00000004   Data   RW         5151    .data               mc_w.l(errno.o)


    Execution Region ER_ZI (Exec base: 0x200000d0, Load base: 0x080088c0, Size: 0x00000530, Max: 0xffffffff, ABSOLUTE)

    Exec Addr    Load Addr    Size         Type   Attr      Idx    E Section Name        Object

    0x200000d0        -       0x00000014   Zero   RW            2    .bss                main.o
    0x200000e4        -       0x000000c8   Zero   RW          343    .bss                usart.o
    0x200001ac        -       0x00000040   Zero   RW         3617    .bss                pid.o
    0x200001ec        -       0x00000010   Zero   RW         4609    .bss                inv_mpu_dmp_motion_driver.o
    0x200001fc   0x080088c0   0x00000004   PAD
    0x20000200        -       0x00000400   Zero   RW          390    STACK               startup_stm32f10x_hd.o


==============================================================================

Image component sizes


      Code (inc. data)   RO Data    RW Data    ZI Data      Debug   Object Name

       220         26          0          4          0       1719   delay.o
       324          6          0          0          0       2060   exti.o
      6864        290        157         53          0      30556   inv_mpu.o
      3096        122       3062          0         16      20398   inv_mpu_dmp_motion_driver.o
       188         30          0          0          0       1810   led.o
       244          4          0         68         20     258992   main.o
       172         22          0          0          0       2049   misc.o
       398         26          0          0          0       2442   motor.o
       608          0          0          0          0       6035   mpu6050.o
       662        100          0          0          0       4666   mpuiic.o
      4888        478          0         26         64      19292   pid.o
      2344        338          0          0          0       8918   planc.o
       180         22          0          0          0       2013   sensor.o
        36          8        304          0       1024        796   startup_stm32f10x_hd.o
       200         18          0          0          0       2104   stm32f10x_exti.o
       512         10          0          0          0       5112   stm32f10x_gpio.o
        26          0          0          0          0       3694   stm32f10x_it.o
       340         44          0         20          0       5568   stm32f10x_rcc.o
       942         92          0          0          0       9247   stm32f10x_tim.o
       582         28          0          0          0       6159   stm32f10x_usart.o
         0          0          0          0          0         32   sys.o
       328         28          0         20          0       2077   system_stm32f10x.o
      1194        120          0          0          0       5276   task.o
       508         92          0          0          0       3980   tim.o
       324         26          0          6        200       3652   usart.o
       212         16          0          0          0       1210   usart3.o

    ----------------------------------------------------------------------
     25434       1946       3564        204       1328     409857   Object Totals
         0          0         32          0          0          0   (incl. Generated)
        42          0          9          7          4          0   (incl. Padding)

    ----------------------------------------------------------------------

      Code (inc. data)   RO Data    RW Data    ZI Data      Debug   Library Member Name

       624         52         80          0          0        168   asin.o
       544         70        152          0          0        124   atan.o
       384         38          0          0          0        144   atan2.o
        38          6          0          0          0        272   dunder.o
        40          0          0          0          0         68   fpclassify.o
       170          0          0          0          0         96   poly.o
         0          0          8          0          0          0   qnan.o
        76          0          0          0          0         84   sqrt.o
         0          0          0          0          0          0   entry.o
         0          0          0          0          0          0   entry10a.o
         0          0          0          0          0          0   entry11a.o
         8          4          0          0          0          0   entry2.o
         4          0          0          0          0          0   entry5.o
         0          0          0          0          0          0   entry7b.o
         0          0          0          0          0          0   entry8b.o
         8          4          0          0          0          0   entry9a.o
        12          6          0          4          0         68   errno.o
        30          0          0          0          0          0   handlers.o
        36          8          0          0          0         68   init.o
         0          0          0          0          0          0   iusefp.o
        98          0          0          0          0         84   ldiv.o
        30          0          0          0          0         68   llshl.o
        36          0          0          0          0         68   llsshr.o
        32          0          0          0          0         68   llushr.o
        26          0          0          0          0         80   memcmp.o
        36          0          0          0          0        108   memseta.o
      1154         54          0          0          0        352   printf8.o
        98          0          0          0          0         92   uldiv.o
        48          0          0          0          0         68   cdcmple.o
        48          0          0          0          0         68   cdrcmple.o
        20          0          0          0          0         68   cfcmple.o
        20          0          0          0          0         68   cfrcmple.o
        56          0          0          0          0         88   d2f.o
       334          0          0          0          0        148   dadd.o
       222          0          0          0          0        100   ddiv.o
       186          0          0          0          0        176   depilogue.o
        34          0          0          0          0         76   dflti.o
       228          0          0          0          0         96   dmul.o
        46          0          0          0          0         80   dscalb.o
       162          0          0          0          0        100   dsqrt.o
        38          0          0          0          0         68   f2d.o
       176          0          0          0          0        140   fadd.o
       124          0          0          0          0         88   fdiv.o
       110          0          0          0          0        168   fepilogue.o
        50          0          0          0          0         68   ffixi.o
        40          0          0          0          0         68   ffixui.o
        18          0          0          0          0         68   fflti.o
        10          0          0          0          0         68   ffltui.o
       100          0          0          0          0         76   fmul.o

    ----------------------------------------------------------------------
      5562        242        240          4          0       3960   Library Totals
         8          0          0          0          0          0   (incl. Padding)

    ----------------------------------------------------------------------

      Code (inc. data)   RO Data    RW Data    ZI Data      Debug   Library Name

      1876        166        240          0          0        956   m_ws.l
      1608         76          0          4          0       1056   mc_w.l
      2070          0          0          0          0       1948   mf_w.l

    ----------------------------------------------------------------------
      5562        242        240          4          0       3960   Library Totals

    ----------------------------------------------------------------------

==============================================================================


      Code (inc. data)   RO Data    RW Data    ZI Data      Debug   

     30996       2188       3804        208       1328     401021   Grand Totals
     30996       2188       3804        208       1328     401021   ELF Image Totals
     30996       2188       3804        208          0          0   ROM Totals

==============================================================================

    Total RO  Size (Code + RO Data)                34800 (  33.98kB)
    Total RW  Size (RW Data + ZI Data)              1536 (   1.50kB)
    Total ROM Size (Code + RO Data + RW Data)      35008 (  34.19kB)

==============================================================================

